2025-12-06T10:43:19.248-03:00  INFO 9440 --- [sghss-api] [main] c.a.sghss.api.SghssApiApplication        : Starting SghssApiApplication using Java 21.0.4 with PID 9440 (C:\Users\alan.patrik\Documents\Pessoal\SGHSS\sghss-api\target\classes started by asantos in C:\Users\alan.patrik\Documents\Pessoal\SGHSS\sghss-api)
2025-12-06T10:43:19.250-03:00 DEBUG 9440 --- [sghss-api] [main] c.a.sghss.api.SghssApiApplication        : Running with Spring Boot v3.4.0, Spring v6.2.0
2025-12-06T10:43:19.250-03:00  INFO 9440 --- [sghss-api] [main] c.a.sghss.api.SghssApiApplication        : The following 1 profile is active: "dev"
2025-12-06T10:43:20.026-03:00  INFO 9440 --- [sghss-api] [main] .s.d.r.c.RepositoryConfigurationDelegate : Bootstrapping Spring Data JPA repositories in DEFAULT mode.
2025-12-06T10:43:20.118-03:00  INFO 9440 --- [sghss-api] [main] .s.d.r.c.RepositoryConfigurationDelegate : Finished Spring Data repository scanning in 78 ms. Found 15 JPA repository interfaces.
2025-12-06T10:43:20.673-03:00  INFO 9440 --- [sghss-api] [main] o.s.b.w.embedded.tomcat.TomcatWebServer  : Tomcat initialized with port 8080 (http)
2025-12-06T10:43:20.682-03:00  INFO 9440 --- [sghss-api] [main] o.apache.catalina.core.StandardService   : Starting service [Tomcat]
2025-12-06T10:43:20.682-03:00  INFO 9440 --- [sghss-api] [main] o.apache.catalina.core.StandardEngine    : Starting Servlet engine: [Apache Tomcat/10.1.33]
2025-12-06T10:43:20.732-03:00  INFO 9440 --- [sghss-api] [main] o.a.c.c.C.[Tomcat].[localhost].[/]       : Initializing Spring embedded WebApplicationContext
2025-12-06T10:43:20.732-03:00  INFO 9440 --- [sghss-api] [main] w.s.c.ServletWebServerApplicationContext : Root WebApplicationContext: initialization completed in 1437 ms
2025-12-06T10:43:20.831-03:00  INFO 9440 --- [sghss-api] [main] o.hibernate.jpa.internal.util.LogHelper  : HHH000204: Processing PersistenceUnitInfo [name: default]
2025-12-06T10:43:20.876-03:00  INFO 9440 --- [sghss-api] [main] org.hibernate.Version                    : HHH000412: Hibernate ORM core version 6.6.2.Final
2025-12-06T10:43:20.901-03:00  INFO 9440 --- [sghss-api] [main] o.h.c.internal.RegionFactoryInitiator    : HHH000026: Second-level cache disabled
2025-12-06T10:43:21.090-03:00  INFO 9440 --- [sghss-api] [main] o.s.o.j.p.SpringPersistenceUnitInfo      : No LoadTimeWeaver setup: ignoring JPA class transformer
2025-12-06T10:43:21.110-03:00  INFO 9440 --- [sghss-api] [main] com.zaxxer.hikari.HikariDataSource       : HikariPool-1 - Starting...
2025-12-06T10:43:21.234-03:00  INFO 9440 --- [sghss-api] [main] com.zaxxer.hikari.pool.HikariPool        : HikariPool-1 - Added connection conn0: url=jdbc:h2:mem:sghssdb user=SA
2025-12-06T10:43:21.236-03:00  INFO 9440 --- [sghss-api] [main] com.zaxxer.hikari.HikariDataSource       : HikariPool-1 - Start completed.
2025-12-06T10:43:21.279-03:00  INFO 9440 --- [sghss-api] [main] org.hibernate.orm.connections.pooling    : HHH10001005: Database info:
	Database JDBC URL [Connecting through datasource 'HikariDataSource (HikariPool-1)']
	Database driver: undefined/unknown
	Database version: 2.3.232
	Autocommit mode: undefined/unknown
	Isolation level: undefined/unknown
	Minimum pool size: undefined/unknown
	Maximum pool size: undefined/unknown
2025-12-06T10:43:22.255-03:00  INFO 9440 --- [sghss-api] [main] o.h.e.t.j.p.i.JtaPlatformInitiator       : HHH000489: No JTA platform available (set 'hibernate.transaction.jta.platform' to enable JTA platform integration)
2025-12-06T10:43:22.341-03:00  INFO 9440 --- [sghss-api] [main] j.LocalContainerEntityManagerFactoryBean : Initialized JPA EntityManagerFactory for persistence unit 'default'
2025-12-06T10:43:22.544-03:00  INFO 9440 --- [sghss-api] [main] o.s.d.j.r.query.QueryEnhancerFactory     : Hibernate is in classpath; If applicable, HQL parser will be used.
2025-12-06T10:43:22.872-03:00  INFO 9440 --- [sghss-api] [main] o.s.b.a.h2.H2ConsoleAutoConfiguration    : H2 console available at '/h2-console'. Database available at 'jdbc:h2:mem:sghssdb'
2025-12-06T10:43:22.916-03:00 DEBUG 9440 --- [sghss-api] [main] c.a.s.a.a.AuditoriaLoggingFilter         : Filter 'auditFilterRegistration' configured for use
2025-12-06T10:43:23.133-03:00  INFO 9440 --- [sghss-api] [main] r$InitializeUserDetailsManagerConfigurer : Global AuthenticationManager configured with UserDetailsService bean with name usuarioDetailsService
2025-12-06T10:43:23.455-03:00  WARN 9440 --- [sghss-api] [main] JpaBaseConfiguration$JpaWebConfiguration : spring.jpa.open-in-view is enabled by default. Therefore, database queries may be performed during view rendering. Explicitly configure spring.jpa.open-in-view to disable this warning
2025-12-06T10:43:24.183-03:00  INFO 9440 --- [sghss-api] [main] o.s.b.w.embedded.tomcat.TomcatWebServer  : Tomcat started on port 8080 (http) with context path '/'
2025-12-06T10:43:24.192-03:00  INFO 9440 --- [sghss-api] [main] c.a.sghss.api.SghssApiApplication        : Started SghssApiApplication in 5.258 seconds (process running for 6.126)
2025-12-06T10:43:24.198-03:00  INFO 9440 --- [sghss-api] [main] .s.b.a.l.ConditionEvaluationReportLogger : 

Error starting ApplicationContext. To display the condition evaluation report re-run your application with 'debug' enabled.
2025-12-06T10:43:24.212-03:00 ERROR 9440 --- [sghss-api] [main] o.s.boot.SpringApplication               : Application run failed

org.springframework.jdbc.datasource.init.CannotReadScriptException: Cannot read SQL script from class path resource [db/data.sql]
	at org.springframework.jdbc.datasource.init.ScriptUtils.executeSqlScript(ScriptUtils.java:239) ~[spring-jdbc-6.2.0.jar:6.2.0]
	at org.springframework.jdbc.datasource.init.ScriptUtils.executeSqlScript(ScriptUtils.java:188) ~[spring-jdbc-6.2.0.jar:6.2.0]
	at org.springframework.jdbc.datasource.init.ScriptUtils.executeSqlScript(ScriptUtils.java:150) ~[spring-jdbc-6.2.0.jar:6.2.0]
	at org.springframework.jdbc.datasource.init.ScriptUtils.executeSqlScript(ScriptUtils.java:126) ~[spring-jdbc-6.2.0.jar:6.2.0]
	at com.alanpatrik.sghss.api.config.DataInitializer.lambda$runScripts$0(DataInitializer.java:24) ~[classes/:na]
	at org.springframework.boot.SpringApplication.lambda$callRunner$4(SpringApplication.java:784) ~[spring-boot-3.4.0.jar:3.4.0]
	at org.springframework.util.function.ThrowingConsumer$1.acceptWithException(ThrowingConsumer.java:82) ~[spring-core-6.2.0.jar:6.2.0]
	at org.springframework.util.function.ThrowingConsumer.accept(ThrowingConsumer.java:60) ~[spring-core-6.2.0.jar:6.2.0]
	at org.springframework.util.function.ThrowingConsumer$1.accept(ThrowingConsumer.java:86) ~[spring-core-6.2.0.jar:6.2.0]
	at org.springframework.boot.SpringApplication.callRunner(SpringApplication.java:796) ~[spring-boot-3.4.0.jar:3.4.0]
	at org.springframework.boot.SpringApplication.callRunner(SpringApplication.java:784) ~[spring-boot-3.4.0.jar:3.4.0]
	at org.springframework.boot.SpringApplication.lambda$callRunners$3(SpringApplication.java:772) ~[spring-boot-3.4.0.jar:3.4.0]
	at java.base/java.util.stream.ForEachOps$ForEachOp$OfRef.accept(ForEachOps.java:184) ~[na:na]
	at java.base/java.util.stream.SortedOps$SizedRefSortingSink.end(SortedOps.java:357) ~[na:na]
	at java.base/java.util.stream.AbstractPipeline.copyInto(AbstractPipeline.java:510) ~[na:na]
	at java.base/java.util.stream.AbstractPipeline.wrapAndCopyInto(AbstractPipeline.java:499) ~[na:na]
	at java.base/java.util.stream.ForEachOps$ForEachOp.evaluateSequential(ForEachOps.java:151) ~[na:na]
	at java.base/java.util.stream.ForEachOps$ForEachOp$OfRef.evaluateSequential(ForEachOps.java:174) ~[na:na]
	at java.base/java.util.stream.AbstractPipeline.evaluate(AbstractPipeline.java:234) ~[na:na]
	at java.base/java.util.stream.ReferencePipeline.forEach(ReferencePipeline.java:596) ~[na:na]
	at org.springframework.boot.SpringApplication.callRunners(SpringApplication.java:772) ~[spring-boot-3.4.0.jar:3.4.0]
	at org.springframework.boot.SpringApplication.run(SpringApplication.java:325) ~[spring-boot-3.4.0.jar:3.4.0]
	at org.springframework.boot.SpringApplication.run(SpringApplication.java:1361) ~[spring-boot-3.4.0.jar:3.4.0]
	at org.springframework.boot.SpringApplication.run(SpringApplication.java:1350) ~[spring-boot-3.4.0.jar:3.4.0]
	at com.alanpatrik.sghss.api.SghssApiApplication.main(SghssApiApplication.java:13) ~[classes/:na]
Caused by: java.io.FileNotFoundException: class path resource [db/data.sql] cannot be opened because it does not exist
	at org.springframework.core.io.ClassPathResource.getInputStream(ClassPathResource.java:215) ~[spring-core-6.2.0.jar:6.2.0]
	at org.springframework.core.io.support.EncodedResource.getReader(EncodedResource.java:147) ~[spring-core-6.2.0.jar:6.2.0]
	at org.springframework.jdbc.datasource.init.ScriptUtils.readScript(ScriptUtils.java:328) ~[spring-jdbc-6.2.0.jar:6.2.0]
	at org.springframework.jdbc.datasource.init.ScriptUtils.executeSqlScript(ScriptUtils.java:236) ~[spring-jdbc-6.2.0.jar:6.2.0]
	... 24 common frames omitted

2025-12-06T10:43:24.216-03:00  INFO 9440 --- [sghss-api] [main] o.s.b.w.e.tomcat.GracefulShutdown        : Commencing graceful shutdown. Waiting for active requests to complete
2025-12-06T10:43:24.221-03:00  INFO 9440 --- [sghss-api] [tomcat-shutdown] o.s.b.w.e.tomcat.GracefulShutdown        : Graceful shutdown complete
2025-12-06T10:43:24.226-03:00  INFO 9440 --- [sghss-api] [main] j.LocalContainerEntityManagerFactoryBean : Closing JPA EntityManagerFactory for persistence unit 'default'
2025-12-06T10:43:24.228-03:00  INFO 9440 --- [sghss-api] [main] com.zaxxer.hikari.HikariDataSource       : HikariPool-1 - Shutdown initiated...
2025-12-06T10:43:24.231-03:00  INFO 9440 --- [sghss-api] [main] com.zaxxer.hikari.HikariDataSource       : HikariPool-1 - Shutdown completed.
2025-12-06T10:44:36.830-03:00  INFO 3272 --- [sghss-api] [main] c.a.sghss.api.SghssApiApplication        : Starting SghssApiApplication using Java 21.0.4 with PID 3272 (C:\Users\alan.patrik\Documents\Pessoal\SGHSS\sghss-api\target\classes started by asantos in C:\Users\alan.patrik\Documents\Pessoal\SGHSS\sghss-api)
2025-12-06T10:44:36.832-03:00 DEBUG 3272 --- [sghss-api] [main] c.a.sghss.api.SghssApiApplication        : Running with Spring Boot v3.4.0, Spring v6.2.0
2025-12-06T10:44:36.832-03:00  INFO 3272 --- [sghss-api] [main] c.a.sghss.api.SghssApiApplication        : The following 1 profile is active: "dev"
2025-12-06T10:44:37.556-03:00  INFO 3272 --- [sghss-api] [main] .s.d.r.c.RepositoryConfigurationDelegate : Bootstrapping Spring Data JPA repositories in DEFAULT mode.
2025-12-06T10:44:37.648-03:00  INFO 3272 --- [sghss-api] [main] .s.d.r.c.RepositoryConfigurationDelegate : Finished Spring Data repository scanning in 84 ms. Found 15 JPA repository interfaces.
2025-12-06T10:44:38.210-03:00  INFO 3272 --- [sghss-api] [main] o.s.b.w.embedded.tomcat.TomcatWebServer  : Tomcat initialized with port 8080 (http)
2025-12-06T10:44:38.219-03:00  INFO 3272 --- [sghss-api] [main] o.apache.catalina.core.StandardService   : Starting service [Tomcat]
2025-12-06T10:44:38.219-03:00  INFO 3272 --- [sghss-api] [main] o.apache.catalina.core.StandardEngine    : Starting Servlet engine: [Apache Tomcat/10.1.33]
2025-12-06T10:44:38.269-03:00  INFO 3272 --- [sghss-api] [main] o.a.c.c.C.[Tomcat].[localhost].[/]       : Initializing Spring embedded WebApplicationContext
2025-12-06T10:44:38.270-03:00  INFO 3272 --- [sghss-api] [main] w.s.c.ServletWebServerApplicationContext : Root WebApplicationContext: initialization completed in 1400 ms
2025-12-06T10:44:38.365-03:00  INFO 3272 --- [sghss-api] [main] o.hibernate.jpa.internal.util.LogHelper  : HHH000204: Processing PersistenceUnitInfo [name: default]
2025-12-06T10:44:38.399-03:00  INFO 3272 --- [sghss-api] [main] org.hibernate.Version                    : HHH000412: Hibernate ORM core version 6.6.2.Final
2025-12-06T10:44:38.423-03:00  INFO 3272 --- [sghss-api] [main] o.h.c.internal.RegionFactoryInitiator    : HHH000026: Second-level cache disabled
2025-12-06T10:44:38.617-03:00  INFO 3272 --- [sghss-api] [main] o.s.o.j.p.SpringPersistenceUnitInfo      : No LoadTimeWeaver setup: ignoring JPA class transformer
2025-12-06T10:44:38.640-03:00  INFO 3272 --- [sghss-api] [main] com.zaxxer.hikari.HikariDataSource       : HikariPool-1 - Starting...
2025-12-06T10:44:38.763-03:00  INFO 3272 --- [sghss-api] [main] com.zaxxer.hikari.pool.HikariPool        : HikariPool-1 - Added connection conn0: url=jdbc:h2:mem:sghssdb user=SA
2025-12-06T10:44:38.765-03:00  INFO 3272 --- [sghss-api] [main] com.zaxxer.hikari.HikariDataSource       : HikariPool-1 - Start completed.
2025-12-06T10:44:38.803-03:00  INFO 3272 --- [sghss-api] [main] org.hibernate.orm.connections.pooling    : HHH10001005: Database info:
	Database JDBC URL [Connecting through datasource 'HikariDataSource (HikariPool-1)']
	Database driver: undefined/unknown
	Database version: 2.3.232
	Autocommit mode: undefined/unknown
	Isolation level: undefined/unknown
	Minimum pool size: undefined/unknown
	Maximum pool size: undefined/unknown
2025-12-06T10:44:39.763-03:00  INFO 3272 --- [sghss-api] [main] o.h.e.t.j.p.i.JtaPlatformInitiator       : HHH000489: No JTA platform available (set 'hibernate.transaction.jta.platform' to enable JTA platform integration)
2025-12-06T10:44:39.851-03:00  INFO 3272 --- [sghss-api] [main] j.LocalContainerEntityManagerFactoryBean : Initialized JPA EntityManagerFactory for persistence unit 'default'
2025-12-06T10:44:40.053-03:00  INFO 3272 --- [sghss-api] [main] o.s.d.j.r.query.QueryEnhancerFactory     : Hibernate is in classpath; If applicable, HQL parser will be used.
2025-12-06T10:44:40.361-03:00  INFO 3272 --- [sghss-api] [main] o.s.b.a.h2.H2ConsoleAutoConfiguration    : H2 console available at '/h2-console'. Database available at 'jdbc:h2:mem:sghssdb'
2025-12-06T10:44:40.412-03:00 DEBUG 3272 --- [sghss-api] [main] c.a.s.a.a.AuditoriaLoggingFilter         : Filter 'auditFilterRegistration' configured for use
2025-12-06T10:44:40.624-03:00  INFO 3272 --- [sghss-api] [main] r$InitializeUserDetailsManagerConfigurer : Global AuthenticationManager configured with UserDetailsService bean with name usuarioDetailsService
2025-12-06T10:44:40.945-03:00  WARN 3272 --- [sghss-api] [main] JpaBaseConfiguration$JpaWebConfiguration : spring.jpa.open-in-view is enabled by default. Therefore, database queries may be performed during view rendering. Explicitly configure spring.jpa.open-in-view to disable this warning
2025-12-06T10:44:41.657-03:00  INFO 3272 --- [sghss-api] [main] o.s.b.w.embedded.tomcat.TomcatWebServer  : Tomcat started on port 8080 (http) with context path '/'
2025-12-06T10:44:41.663-03:00  INFO 3272 --- [sghss-api] [main] c.a.sghss.api.SghssApiApplication        : Started SghssApiApplication in 5.149 seconds (process running for 5.749)
2025-12-06T10:44:41.668-03:00  INFO 3272 --- [sghss-api] [main] .s.b.a.l.ConditionEvaluationReportLogger : 

Error starting ApplicationContext. To display the condition evaluation report re-run your application with 'debug' enabled.
2025-12-06T10:44:41.678-03:00 ERROR 3272 --- [sghss-api] [main] o.s.boot.SpringApplication               : Application run failed

org.springframework.jdbc.datasource.init.CannotReadScriptException: Cannot read SQL script from class path resource [db/data.sql]
	at org.springframework.jdbc.datasource.init.ScriptUtils.executeSqlScript(ScriptUtils.java:239) ~[spring-jdbc-6.2.0.jar:6.2.0]
	at org.springframework.jdbc.datasource.init.ScriptUtils.executeSqlScript(ScriptUtils.java:188) ~[spring-jdbc-6.2.0.jar:6.2.0]
	at org.springframework.jdbc.datasource.init.ScriptUtils.executeSqlScript(ScriptUtils.java:150) ~[spring-jdbc-6.2.0.jar:6.2.0]
	at org.springframework.jdbc.datasource.init.ScriptUtils.executeSqlScript(ScriptUtils.java:126) ~[spring-jdbc-6.2.0.jar:6.2.0]
	at com.alanpatrik.sghss.api.config.DataInitializer.lambda$runScripts$0(DataInitializer.java:24) ~[classes/:na]
	at org.springframework.boot.SpringApplication.lambda$callRunner$4(SpringApplication.java:784) ~[spring-boot-3.4.0.jar:3.4.0]
	at org.springframework.util.function.ThrowingConsumer$1.acceptWithException(ThrowingConsumer.java:82) ~[spring-core-6.2.0.jar:6.2.0]
	at org.springframework.util.function.ThrowingConsumer.accept(ThrowingConsumer.java:60) ~[spring-core-6.2.0.jar:6.2.0]
	at org.springframework.util.function.ThrowingConsumer$1.accept(ThrowingConsumer.java:86) ~[spring-core-6.2.0.jar:6.2.0]
	at org.springframework.boot.SpringApplication.callRunner(SpringApplication.java:796) ~[spring-boot-3.4.0.jar:3.4.0]
	at org.springframework.boot.SpringApplication.callRunner(SpringApplication.java:784) ~[spring-boot-3.4.0.jar:3.4.0]
	at org.springframework.boot.SpringApplication.lambda$callRunners$3(SpringApplication.java:772) ~[spring-boot-3.4.0.jar:3.4.0]
	at java.base/java.util.stream.ForEachOps$ForEachOp$OfRef.accept(ForEachOps.java:184) ~[na:na]
	at java.base/java.util.stream.SortedOps$SizedRefSortingSink.end(SortedOps.java:357) ~[na:na]
	at java.base/java.util.stream.AbstractPipeline.copyInto(AbstractPipeline.java:510) ~[na:na]
	at java.base/java.util.stream.AbstractPipeline.wrapAndCopyInto(AbstractPipeline.java:499) ~[na:na]
	at java.base/java.util.stream.ForEachOps$ForEachOp.evaluateSequential(ForEachOps.java:151) ~[na:na]
	at java.base/java.util.stream.ForEachOps$ForEachOp$OfRef.evaluateSequential(ForEachOps.java:174) ~[na:na]
	at java.base/java.util.stream.AbstractPipeline.evaluate(AbstractPipeline.java:234) ~[na:na]
	at java.base/java.util.stream.ReferencePipeline.forEach(ReferencePipeline.java:596) ~[na:na]
	at org.springframework.boot.SpringApplication.callRunners(SpringApplication.java:772) ~[spring-boot-3.4.0.jar:3.4.0]
	at org.springframework.boot.SpringApplication.run(SpringApplication.java:325) ~[spring-boot-3.4.0.jar:3.4.0]
	at org.springframework.boot.SpringApplication.run(SpringApplication.java:1361) ~[spring-boot-3.4.0.jar:3.4.0]
	at org.springframework.boot.SpringApplication.run(SpringApplication.java:1350) ~[spring-boot-3.4.0.jar:3.4.0]
	at com.alanpatrik.sghss.api.SghssApiApplication.main(SghssApiApplication.java:13) ~[classes/:na]
Caused by: java.io.FileNotFoundException: class path resource [db/data.sql] cannot be opened because it does not exist
	at org.springframework.core.io.ClassPathResource.getInputStream(ClassPathResource.java:215) ~[spring-core-6.2.0.jar:6.2.0]
	at org.springframework.core.io.support.EncodedResource.getReader(EncodedResource.java:147) ~[spring-core-6.2.0.jar:6.2.0]
	at org.springframework.jdbc.datasource.init.ScriptUtils.readScript(ScriptUtils.java:328) ~[spring-jdbc-6.2.0.jar:6.2.0]
	at org.springframework.jdbc.datasource.init.ScriptUtils.executeSqlScript(ScriptUtils.java:236) ~[spring-jdbc-6.2.0.jar:6.2.0]
	... 24 common frames omitted

2025-12-06T10:44:41.682-03:00  INFO 3272 --- [sghss-api] [main] o.s.b.w.e.tomcat.GracefulShutdown        : Commencing graceful shutdown. Waiting for active requests to complete
2025-12-06T10:44:41.687-03:00  INFO 3272 --- [sghss-api] [tomcat-shutdown] o.s.b.w.e.tomcat.GracefulShutdown        : Graceful shutdown complete
2025-12-06T10:44:41.693-03:00  INFO 3272 --- [sghss-api] [main] j.LocalContainerEntityManagerFactoryBean : Closing JPA EntityManagerFactory for persistence unit 'default'
2025-12-06T10:44:41.695-03:00  INFO 3272 --- [sghss-api] [main] com.zaxxer.hikari.HikariDataSource       : HikariPool-1 - Shutdown initiated...
2025-12-06T10:44:41.697-03:00  INFO 3272 --- [sghss-api] [main] com.zaxxer.hikari.HikariDataSource       : HikariPool-1 - Shutdown completed.
2025-12-06T10:47:29.042-03:00  INFO 25184 --- [sghss-api] [main] c.a.sghss.api.SghssApiApplication        : Starting SghssApiApplication using Java 21.0.4 with PID 25184 (C:\Users\alan.patrik\Documents\Pessoal\SGHSS\sghss-api\target\classes started by asantos in C:\Users\alan.patrik\Documents\Pessoal\SGHSS\sghss-api)
2025-12-06T10:47:29.044-03:00 DEBUG 25184 --- [sghss-api] [main] c.a.sghss.api.SghssApiApplication        : Running with Spring Boot v3.4.0, Spring v6.2.0
2025-12-06T10:47:29.045-03:00  INFO 25184 --- [sghss-api] [main] c.a.sghss.api.SghssApiApplication        : The following 1 profile is active: "dev"
2025-12-06T10:47:30.158-03:00  INFO 25184 --- [sghss-api] [main] .s.d.r.c.RepositoryConfigurationDelegate : Bootstrapping Spring Data JPA repositories in DEFAULT mode.
2025-12-06T10:47:30.310-03:00  INFO 25184 --- [sghss-api] [main] .s.d.r.c.RepositoryConfigurationDelegate : Finished Spring Data repository scanning in 140 ms. Found 15 JPA repository interfaces.
2025-12-06T10:47:31.301-03:00  INFO 25184 --- [sghss-api] [main] o.s.b.w.embedded.tomcat.TomcatWebServer  : Tomcat initialized with port 8080 (http)
2025-12-06T10:47:31.325-03:00  INFO 25184 --- [sghss-api] [main] o.apache.catalina.core.StandardService   : Starting service [Tomcat]
2025-12-06T10:47:31.326-03:00  INFO 25184 --- [sghss-api] [main] o.apache.catalina.core.StandardEngine    : Starting Servlet engine: [Apache Tomcat/10.1.33]
2025-12-06T10:47:31.427-03:00  INFO 25184 --- [sghss-api] [main] o.a.c.c.C.[Tomcat].[localhost].[/]       : Initializing Spring embedded WebApplicationContext
2025-12-06T10:47:31.428-03:00  INFO 25184 --- [sghss-api] [main] w.s.c.ServletWebServerApplicationContext : Root WebApplicationContext: initialization completed in 2327 ms
2025-12-06T10:47:31.615-03:00  INFO 25184 --- [sghss-api] [main] o.hibernate.jpa.internal.util.LogHelper  : HHH000204: Processing PersistenceUnitInfo [name: default]
2025-12-06T10:47:31.697-03:00  INFO 25184 --- [sghss-api] [main] org.hibernate.Version                    : HHH000412: Hibernate ORM core version 6.6.2.Final
2025-12-06T10:47:31.738-03:00  INFO 25184 --- [sghss-api] [main] o.h.c.internal.RegionFactoryInitiator    : HHH000026: Second-level cache disabled
2025-12-06T10:47:32.057-03:00  INFO 25184 --- [sghss-api] [main] o.s.o.j.p.SpringPersistenceUnitInfo      : No LoadTimeWeaver setup: ignoring JPA class transformer
2025-12-06T10:47:32.089-03:00  INFO 25184 --- [sghss-api] [main] com.zaxxer.hikari.HikariDataSource       : HikariPool-1 - Starting...
2025-12-06T10:47:32.322-03:00  INFO 25184 --- [sghss-api] [main] com.zaxxer.hikari.pool.HikariPool        : HikariPool-1 - Added connection conn0: url=jdbc:h2:mem:sghssdb user=SA
2025-12-06T10:47:32.324-03:00  INFO 25184 --- [sghss-api] [main] com.zaxxer.hikari.HikariDataSource       : HikariPool-1 - Start completed.
2025-12-06T10:47:32.386-03:00  INFO 25184 --- [sghss-api] [main] org.hibernate.orm.connections.pooling    : HHH10001005: Database info:
	Database JDBC URL [Connecting through datasource 'HikariDataSource (HikariPool-1)']
	Database driver: undefined/unknown
	Database version: 2.3.232
	Autocommit mode: undefined/unknown
	Isolation level: undefined/unknown
	Minimum pool size: undefined/unknown
	Maximum pool size: undefined/unknown
2025-12-06T10:47:33.879-03:00  INFO 25184 --- [sghss-api] [main] o.h.e.t.j.p.i.JtaPlatformInitiator       : HHH000489: No JTA platform available (set 'hibernate.transaction.jta.platform' to enable JTA platform integration)
2025-12-06T10:47:34.023-03:00  INFO 25184 --- [sghss-api] [main] j.LocalContainerEntityManagerFactoryBean : Initialized JPA EntityManagerFactory for persistence unit 'default'
2025-12-06T10:47:34.392-03:00  INFO 25184 --- [sghss-api] [main] o.s.d.j.r.query.QueryEnhancerFactory     : Hibernate is in classpath; If applicable, HQL parser will be used.
2025-12-06T10:47:35.094-03:00  INFO 25184 --- [sghss-api] [main] o.s.b.a.h2.H2ConsoleAutoConfiguration    : H2 console available at '/h2-console'. Database available at 'jdbc:h2:mem:sghssdb'
2025-12-06T10:47:35.204-03:00 DEBUG 25184 --- [sghss-api] [main] c.a.s.a.a.AuditoriaLoggingFilter         : Filter 'auditFilterRegistration' configured for use
2025-12-06T10:47:35.617-03:00  INFO 25184 --- [sghss-api] [main] r$InitializeUserDetailsManagerConfigurer : Global AuthenticationManager configured with UserDetailsService bean with name usuarioDetailsService
2025-12-06T10:47:36.199-03:00  WARN 25184 --- [sghss-api] [main] JpaBaseConfiguration$JpaWebConfiguration : spring.jpa.open-in-view is enabled by default. Therefore, database queries may be performed during view rendering. Explicitly configure spring.jpa.open-in-view to disable this warning
2025-12-06T10:47:37.630-03:00  INFO 25184 --- [sghss-api] [main] o.s.b.w.embedded.tomcat.TomcatWebServer  : Tomcat started on port 8080 (http) with context path '/'
2025-12-06T10:47:37.641-03:00  INFO 25184 --- [sghss-api] [main] c.a.sghss.api.SghssApiApplication        : Started SghssApiApplication in 9.068 seconds (process running for 9.944)
2025-12-06T10:47:37.651-03:00  INFO 25184 --- [sghss-api] [main] .s.b.a.l.ConditionEvaluationReportLogger : 

Error starting ApplicationContext. To display the condition evaluation report re-run your application with 'debug' enabled.
2025-12-06T10:47:37.670-03:00 ERROR 25184 --- [sghss-api] [main] o.s.boot.SpringApplication               : Application run failed

org.springframework.jdbc.datasource.init.CannotReadScriptException: Cannot read SQL script from class path resource [db/data.sql]
	at org.springframework.jdbc.datasource.init.ScriptUtils.executeSqlScript(ScriptUtils.java:239) ~[spring-jdbc-6.2.0.jar:6.2.0]
	at org.springframework.jdbc.datasource.init.ScriptUtils.executeSqlScript(ScriptUtils.java:188) ~[spring-jdbc-6.2.0.jar:6.2.0]
	at org.springframework.jdbc.datasource.init.ScriptUtils.executeSqlScript(ScriptUtils.java:150) ~[spring-jdbc-6.2.0.jar:6.2.0]
	at org.springframework.jdbc.datasource.init.ScriptUtils.executeSqlScript(ScriptUtils.java:126) ~[spring-jdbc-6.2.0.jar:6.2.0]
	at com.alanpatrik.sghss.api.config.DataInitializer.lambda$runScripts$0(DataInitializer.java:24) ~[classes/:na]
	at org.springframework.boot.SpringApplication.lambda$callRunner$4(SpringApplication.java:784) ~[spring-boot-3.4.0.jar:3.4.0]
	at org.springframework.util.function.ThrowingConsumer$1.acceptWithException(ThrowingConsumer.java:82) ~[spring-core-6.2.0.jar:6.2.0]
	at org.springframework.util.function.ThrowingConsumer.accept(ThrowingConsumer.java:60) ~[spring-core-6.2.0.jar:6.2.0]
	at org.springframework.util.function.ThrowingConsumer$1.accept(ThrowingConsumer.java:86) ~[spring-core-6.2.0.jar:6.2.0]
	at org.springframework.boot.SpringApplication.callRunner(SpringApplication.java:796) ~[spring-boot-3.4.0.jar:3.4.0]
	at org.springframework.boot.SpringApplication.callRunner(SpringApplication.java:784) ~[spring-boot-3.4.0.jar:3.4.0]
	at org.springframework.boot.SpringApplication.lambda$callRunners$3(SpringApplication.java:772) ~[spring-boot-3.4.0.jar:3.4.0]
	at java.base/java.util.stream.ForEachOps$ForEachOp$OfRef.accept(ForEachOps.java:184) ~[na:na]
	at java.base/java.util.stream.SortedOps$SizedRefSortingSink.end(SortedOps.java:357) ~[na:na]
	at java.base/java.util.stream.AbstractPipeline.copyInto(AbstractPipeline.java:510) ~[na:na]
	at java.base/java.util.stream.AbstractPipeline.wrapAndCopyInto(AbstractPipeline.java:499) ~[na:na]
	at java.base/java.util.stream.ForEachOps$ForEachOp.evaluateSequential(ForEachOps.java:151) ~[na:na]
	at java.base/java.util.stream.ForEachOps$ForEachOp$OfRef.evaluateSequential(ForEachOps.java:174) ~[na:na]
	at java.base/java.util.stream.AbstractPipeline.evaluate(AbstractPipeline.java:234) ~[na:na]
	at java.base/java.util.stream.ReferencePipeline.forEach(ReferencePipeline.java:596) ~[na:na]
	at org.springframework.boot.SpringApplication.callRunners(SpringApplication.java:772) ~[spring-boot-3.4.0.jar:3.4.0]
	at org.springframework.boot.SpringApplication.run(SpringApplication.java:325) ~[spring-boot-3.4.0.jar:3.4.0]
	at org.springframework.boot.SpringApplication.run(SpringApplication.java:1361) ~[spring-boot-3.4.0.jar:3.4.0]
	at org.springframework.boot.SpringApplication.run(SpringApplication.java:1350) ~[spring-boot-3.4.0.jar:3.4.0]
	at com.alanpatrik.sghss.api.SghssApiApplication.main(SghssApiApplication.java:13) ~[classes/:na]
Caused by: java.io.FileNotFoundException: class path resource [db/data.sql] cannot be opened because it does not exist
	at org.springframework.core.io.ClassPathResource.getInputStream(ClassPathResource.java:215) ~[spring-core-6.2.0.jar:6.2.0]
	at org.springframework.core.io.support.EncodedResource.getReader(EncodedResource.java:147) ~[spring-core-6.2.0.jar:6.2.0]
	at org.springframework.jdbc.datasource.init.ScriptUtils.readScript(ScriptUtils.java:328) ~[spring-jdbc-6.2.0.jar:6.2.0]
	at org.springframework.jdbc.datasource.init.ScriptUtils.executeSqlScript(ScriptUtils.java:236) ~[spring-jdbc-6.2.0.jar:6.2.0]
	... 24 common frames omitted

2025-12-06T10:47:37.678-03:00  INFO 25184 --- [sghss-api] [main] o.s.b.w.e.tomcat.GracefulShutdown        : Commencing graceful shutdown. Waiting for active requests to complete
2025-12-06T10:47:37.685-03:00  INFO 25184 --- [sghss-api] [tomcat-shutdown] o.s.b.w.e.tomcat.GracefulShutdown        : Graceful shutdown complete
2025-12-06T10:47:37.693-03:00  INFO 25184 --- [sghss-api] [main] j.LocalContainerEntityManagerFactoryBean : Closing JPA EntityManagerFactory for persistence unit 'default'
2025-12-06T10:47:37.695-03:00  INFO 25184 --- [sghss-api] [main] com.zaxxer.hikari.HikariDataSource       : HikariPool-1 - Shutdown initiated...
2025-12-06T10:47:37.699-03:00  INFO 25184 --- [sghss-api] [main] com.zaxxer.hikari.HikariDataSource       : HikariPool-1 - Shutdown completed.
2025-12-06T10:50:33.576-03:00  INFO 21288 --- [sghss-api] [main] c.a.sghss.api.SghssApiApplication        : Starting SghssApiApplication using Java 21.0.4 with PID 21288 (C:\Users\alan.patrik\Documents\Pessoal\SGHSS\sghss-api\target\classes started by asantos in C:\Users\alan.patrik\Documents\Pessoal\SGHSS\sghss-api)
2025-12-06T10:50:33.578-03:00 DEBUG 21288 --- [sghss-api] [main] c.a.sghss.api.SghssApiApplication        : Running with Spring Boot v3.4.0, Spring v6.2.0
2025-12-06T10:50:33.578-03:00  INFO 21288 --- [sghss-api] [main] c.a.sghss.api.SghssApiApplication        : The following 1 profile is active: "dev"
2025-12-06T10:50:34.307-03:00  INFO 21288 --- [sghss-api] [main] .s.d.r.c.RepositoryConfigurationDelegate : Bootstrapping Spring Data JPA repositories in DEFAULT mode.
2025-12-06T10:50:34.397-03:00  INFO 21288 --- [sghss-api] [main] .s.d.r.c.RepositoryConfigurationDelegate : Finished Spring Data repository scanning in 76 ms. Found 15 JPA repository interfaces.
2025-12-06T10:50:34.971-03:00  INFO 21288 --- [sghss-api] [main] o.s.b.w.embedded.tomcat.TomcatWebServer  : Tomcat initialized with port 8080 (http)
2025-12-06T10:50:34.980-03:00  INFO 21288 --- [sghss-api] [main] o.apache.catalina.core.StandardService   : Starting service [Tomcat]
2025-12-06T10:50:34.981-03:00  INFO 21288 --- [sghss-api] [main] o.apache.catalina.core.StandardEngine    : Starting Servlet engine: [Apache Tomcat/10.1.33]
2025-12-06T10:50:35.029-03:00  INFO 21288 --- [sghss-api] [main] o.a.c.c.C.[Tomcat].[localhost].[/]       : Initializing Spring embedded WebApplicationContext
2025-12-06T10:50:35.029-03:00  INFO 21288 --- [sghss-api] [main] w.s.c.ServletWebServerApplicationContext : Root WebApplicationContext: initialization completed in 1411 ms
2025-12-06T10:50:35.128-03:00  INFO 21288 --- [sghss-api] [main] o.hibernate.jpa.internal.util.LogHelper  : HHH000204: Processing PersistenceUnitInfo [name: default]
2025-12-06T10:50:35.162-03:00  INFO 21288 --- [sghss-api] [main] org.hibernate.Version                    : HHH000412: Hibernate ORM core version 6.6.2.Final
2025-12-06T10:50:35.199-03:00  INFO 21288 --- [sghss-api] [main] o.h.c.internal.RegionFactoryInitiator    : HHH000026: Second-level cache disabled
2025-12-06T10:50:35.380-03:00  INFO 21288 --- [sghss-api] [main] o.s.o.j.p.SpringPersistenceUnitInfo      : No LoadTimeWeaver setup: ignoring JPA class transformer
2025-12-06T10:50:35.399-03:00  INFO 21288 --- [sghss-api] [main] com.zaxxer.hikari.HikariDataSource       : HikariPool-1 - Starting...
2025-12-06T10:50:35.524-03:00  INFO 21288 --- [sghss-api] [main] com.zaxxer.hikari.pool.HikariPool        : HikariPool-1 - Added connection conn0: url=jdbc:h2:mem:sghssdb user=SA
2025-12-06T10:50:35.526-03:00  INFO 21288 --- [sghss-api] [main] com.zaxxer.hikari.HikariDataSource       : HikariPool-1 - Start completed.
2025-12-06T10:50:35.569-03:00  INFO 21288 --- [sghss-api] [main] org.hibernate.orm.connections.pooling    : HHH10001005: Database info:
	Database JDBC URL [Connecting through datasource 'HikariDataSource (HikariPool-1)']
	Database driver: undefined/unknown
	Database version: 2.3.232
	Autocommit mode: undefined/unknown
	Isolation level: undefined/unknown
	Minimum pool size: undefined/unknown
	Maximum pool size: undefined/unknown
2025-12-06T10:50:36.546-03:00  INFO 21288 --- [sghss-api] [main] o.h.e.t.j.p.i.JtaPlatformInitiator       : HHH000489: No JTA platform available (set 'hibernate.transaction.jta.platform' to enable JTA platform integration)
2025-12-06T10:50:36.629-03:00  INFO 21288 --- [sghss-api] [main] j.LocalContainerEntityManagerFactoryBean : Initialized JPA EntityManagerFactory for persistence unit 'default'
2025-12-06T10:50:36.846-03:00  INFO 21288 --- [sghss-api] [main] o.s.d.j.r.query.QueryEnhancerFactory     : Hibernate is in classpath; If applicable, HQL parser will be used.
2025-12-06T10:50:37.153-03:00  INFO 21288 --- [sghss-api] [main] o.s.b.a.h2.H2ConsoleAutoConfiguration    : H2 console available at '/h2-console'. Database available at 'jdbc:h2:mem:sghssdb'
2025-12-06T10:50:37.204-03:00 DEBUG 21288 --- [sghss-api] [main] c.a.s.a.a.AuditoriaLoggingFilter         : Filter 'auditFilterRegistration' configured for use
2025-12-06T10:50:37.418-03:00  INFO 21288 --- [sghss-api] [main] r$InitializeUserDetailsManagerConfigurer : Global AuthenticationManager configured with UserDetailsService bean with name usuarioDetailsService
2025-12-06T10:50:37.740-03:00  WARN 21288 --- [sghss-api] [main] JpaBaseConfiguration$JpaWebConfiguration : spring.jpa.open-in-view is enabled by default. Therefore, database queries may be performed during view rendering. Explicitly configure spring.jpa.open-in-view to disable this warning
2025-12-06T10:50:38.463-03:00  INFO 21288 --- [sghss-api] [main] o.s.b.w.embedded.tomcat.TomcatWebServer  : Tomcat started on port 8080 (http) with context path '/'
2025-12-06T10:50:38.469-03:00  INFO 21288 --- [sghss-api] [main] c.a.sghss.api.SghssApiApplication        : Started SghssApiApplication in 5.205 seconds (process running for 5.794)
2025-12-06T10:50:38.475-03:00  INFO 21288 --- [sghss-api] [main] .s.b.a.l.ConditionEvaluationReportLogger : 

Error starting ApplicationContext. To display the condition evaluation report re-run your application with 'debug' enabled.
2025-12-06T10:50:38.484-03:00 ERROR 21288 --- [sghss-api] [main] o.s.boot.SpringApplication               : Application run failed

org.springframework.jdbc.datasource.init.CannotReadScriptException: Cannot read SQL script from class path resource [db/data.sql]
	at org.springframework.jdbc.datasource.init.ScriptUtils.executeSqlScript(ScriptUtils.java:239) ~[spring-jdbc-6.2.0.jar:6.2.0]
	at org.springframework.jdbc.datasource.init.ScriptUtils.executeSqlScript(ScriptUtils.java:188) ~[spring-jdbc-6.2.0.jar:6.2.0]
	at org.springframework.jdbc.datasource.init.ScriptUtils.executeSqlScript(ScriptUtils.java:150) ~[spring-jdbc-6.2.0.jar:6.2.0]
	at org.springframework.jdbc.datasource.init.ScriptUtils.executeSqlScript(ScriptUtils.java:126) ~[spring-jdbc-6.2.0.jar:6.2.0]
	at com.alanpatrik.sghss.api.config.DataInitializer.lambda$runScripts$0(DataInitializer.java:24) ~[classes/:na]
	at org.springframework.boot.SpringApplication.lambda$callRunner$4(SpringApplication.java:784) ~[spring-boot-3.4.0.jar:3.4.0]
	at org.springframework.util.function.ThrowingConsumer$1.acceptWithException(ThrowingConsumer.java:82) ~[spring-core-6.2.0.jar:6.2.0]
	at org.springframework.util.function.ThrowingConsumer.accept(ThrowingConsumer.java:60) ~[spring-core-6.2.0.jar:6.2.0]
	at org.springframework.util.function.ThrowingConsumer$1.accept(ThrowingConsumer.java:86) ~[spring-core-6.2.0.jar:6.2.0]
	at org.springframework.boot.SpringApplication.callRunner(SpringApplication.java:796) ~[spring-boot-3.4.0.jar:3.4.0]
	at org.springframework.boot.SpringApplication.callRunner(SpringApplication.java:784) ~[spring-boot-3.4.0.jar:3.4.0]
	at org.springframework.boot.SpringApplication.lambda$callRunners$3(SpringApplication.java:772) ~[spring-boot-3.4.0.jar:3.4.0]
	at java.base/java.util.stream.ForEachOps$ForEachOp$OfRef.accept(ForEachOps.java:184) ~[na:na]
	at java.base/java.util.stream.SortedOps$SizedRefSortingSink.end(SortedOps.java:357) ~[na:na]
	at java.base/java.util.stream.AbstractPipeline.copyInto(AbstractPipeline.java:510) ~[na:na]
	at java.base/java.util.stream.AbstractPipeline.wrapAndCopyInto(AbstractPipeline.java:499) ~[na:na]
	at java.base/java.util.stream.ForEachOps$ForEachOp.evaluateSequential(ForEachOps.java:151) ~[na:na]
	at java.base/java.util.stream.ForEachOps$ForEachOp$OfRef.evaluateSequential(ForEachOps.java:174) ~[na:na]
	at java.base/java.util.stream.AbstractPipeline.evaluate(AbstractPipeline.java:234) ~[na:na]
	at java.base/java.util.stream.ReferencePipeline.forEach(ReferencePipeline.java:596) ~[na:na]
	at org.springframework.boot.SpringApplication.callRunners(SpringApplication.java:772) ~[spring-boot-3.4.0.jar:3.4.0]
	at org.springframework.boot.SpringApplication.run(SpringApplication.java:325) ~[spring-boot-3.4.0.jar:3.4.0]
	at org.springframework.boot.SpringApplication.run(SpringApplication.java:1361) ~[spring-boot-3.4.0.jar:3.4.0]
	at org.springframework.boot.SpringApplication.run(SpringApplication.java:1350) ~[spring-boot-3.4.0.jar:3.4.0]
	at com.alanpatrik.sghss.api.SghssApiApplication.main(SghssApiApplication.java:13) ~[classes/:na]
Caused by: java.io.FileNotFoundException: class path resource [db/data.sql] cannot be opened because it does not exist
	at org.springframework.core.io.ClassPathResource.getInputStream(ClassPathResource.java:215) ~[spring-core-6.2.0.jar:6.2.0]
	at org.springframework.core.io.support.EncodedResource.getReader(EncodedResource.java:147) ~[spring-core-6.2.0.jar:6.2.0]
	at org.springframework.jdbc.datasource.init.ScriptUtils.readScript(ScriptUtils.java:328) ~[spring-jdbc-6.2.0.jar:6.2.0]
	at org.springframework.jdbc.datasource.init.ScriptUtils.executeSqlScript(ScriptUtils.java:236) ~[spring-jdbc-6.2.0.jar:6.2.0]
	... 24 common frames omitted

2025-12-06T10:50:38.488-03:00  INFO 21288 --- [sghss-api] [main] o.s.b.w.e.tomcat.GracefulShutdown        : Commencing graceful shutdown. Waiting for active requests to complete
2025-12-06T10:50:38.494-03:00  INFO 21288 --- [sghss-api] [tomcat-shutdown] o.s.b.w.e.tomcat.GracefulShutdown        : Graceful shutdown complete
2025-12-06T10:50:38.500-03:00  INFO 21288 --- [sghss-api] [main] j.LocalContainerEntityManagerFactoryBean : Closing JPA EntityManagerFactory for persistence unit 'default'
2025-12-06T10:50:38.502-03:00  INFO 21288 --- [sghss-api] [main] com.zaxxer.hikari.HikariDataSource       : HikariPool-1 - Shutdown initiated...
2025-12-06T10:50:38.504-03:00  INFO 21288 --- [sghss-api] [main] com.zaxxer.hikari.HikariDataSource       : HikariPool-1 - Shutdown completed.
2025-12-06T10:51:09.199-03:00  INFO 13596 --- [sghss-api] [main] c.a.sghss.api.SghssApiApplication        : Starting SghssApiApplication using Java 21.0.4 with PID 13596 (C:\Users\alan.patrik\Documents\Pessoal\SGHSS\sghss-api\target\classes started by asantos in C:\Users\alan.patrik\Documents\Pessoal\SGHSS\sghss-api)
2025-12-06T10:51:09.201-03:00 DEBUG 13596 --- [sghss-api] [main] c.a.sghss.api.SghssApiApplication        : Running with Spring Boot v3.4.0, Spring v6.2.0
2025-12-06T10:51:09.201-03:00  INFO 13596 --- [sghss-api] [main] c.a.sghss.api.SghssApiApplication        : The following 1 profile is active: "dev"
2025-12-06T10:51:09.922-03:00  INFO 13596 --- [sghss-api] [main] .s.d.r.c.RepositoryConfigurationDelegate : Bootstrapping Spring Data JPA repositories in DEFAULT mode.
2025-12-06T10:51:10.012-03:00  INFO 13596 --- [sghss-api] [main] .s.d.r.c.RepositoryConfigurationDelegate : Finished Spring Data repository scanning in 81 ms. Found 15 JPA repository interfaces.
2025-12-06T10:51:10.569-03:00  INFO 13596 --- [sghss-api] [main] o.s.b.w.embedded.tomcat.TomcatWebServer  : Tomcat initialized with port 8080 (http)
2025-12-06T10:51:10.579-03:00  INFO 13596 --- [sghss-api] [main] o.apache.catalina.core.StandardService   : Starting service [Tomcat]
2025-12-06T10:51:10.579-03:00  INFO 13596 --- [sghss-api] [main] o.apache.catalina.core.StandardEngine    : Starting Servlet engine: [Apache Tomcat/10.1.33]
2025-12-06T10:51:10.629-03:00  INFO 13596 --- [sghss-api] [main] o.a.c.c.C.[Tomcat].[localhost].[/]       : Initializing Spring embedded WebApplicationContext
2025-12-06T10:51:10.630-03:00  INFO 13596 --- [sghss-api] [main] w.s.c.ServletWebServerApplicationContext : Root WebApplicationContext: initialization completed in 1382 ms
2025-12-06T10:51:10.728-03:00  INFO 13596 --- [sghss-api] [main] o.hibernate.jpa.internal.util.LogHelper  : HHH000204: Processing PersistenceUnitInfo [name: default]
2025-12-06T10:51:10.763-03:00  INFO 13596 --- [sghss-api] [main] org.hibernate.Version                    : HHH000412: Hibernate ORM core version 6.6.2.Final
2025-12-06T10:51:10.788-03:00  INFO 13596 --- [sghss-api] [main] o.h.c.internal.RegionFactoryInitiator    : HHH000026: Second-level cache disabled
2025-12-06T10:51:10.977-03:00  INFO 13596 --- [sghss-api] [main] o.s.o.j.p.SpringPersistenceUnitInfo      : No LoadTimeWeaver setup: ignoring JPA class transformer
2025-12-06T10:51:10.999-03:00  INFO 13596 --- [sghss-api] [main] com.zaxxer.hikari.HikariDataSource       : HikariPool-1 - Starting...
2025-12-06T10:51:11.123-03:00  INFO 13596 --- [sghss-api] [main] com.zaxxer.hikari.pool.HikariPool        : HikariPool-1 - Added connection conn0: url=jdbc:h2:mem:sghssdb user=SA
2025-12-06T10:51:11.124-03:00  INFO 13596 --- [sghss-api] [main] com.zaxxer.hikari.HikariDataSource       : HikariPool-1 - Start completed.
2025-12-06T10:51:11.164-03:00  INFO 13596 --- [sghss-api] [main] org.hibernate.orm.connections.pooling    : HHH10001005: Database info:
	Database JDBC URL [Connecting through datasource 'HikariDataSource (HikariPool-1)']
	Database driver: undefined/unknown
	Database version: 2.3.232
	Autocommit mode: undefined/unknown
	Isolation level: undefined/unknown
	Minimum pool size: undefined/unknown
	Maximum pool size: undefined/unknown
2025-12-06T10:51:12.117-03:00  INFO 13596 --- [sghss-api] [main] o.h.e.t.j.p.i.JtaPlatformInitiator       : HHH000489: No JTA platform available (set 'hibernate.transaction.jta.platform' to enable JTA platform integration)
2025-12-06T10:51:12.197-03:00  INFO 13596 --- [sghss-api] [main] j.LocalContainerEntityManagerFactoryBean : Initialized JPA EntityManagerFactory for persistence unit 'default'
2025-12-06T10:51:12.401-03:00  INFO 13596 --- [sghss-api] [main] o.s.d.j.r.query.QueryEnhancerFactory     : Hibernate is in classpath; If applicable, HQL parser will be used.
2025-12-06T10:51:12.705-03:00  INFO 13596 --- [sghss-api] [main] o.s.b.a.h2.H2ConsoleAutoConfiguration    : H2 console available at '/h2-console'. Database available at 'jdbc:h2:mem:sghssdb'
2025-12-06T10:51:12.749-03:00 DEBUG 13596 --- [sghss-api] [main] c.a.s.a.a.AuditoriaLoggingFilter         : Filter 'auditFilterRegistration' configured for use
2025-12-06T10:51:12.970-03:00  INFO 13596 --- [sghss-api] [main] r$InitializeUserDetailsManagerConfigurer : Global AuthenticationManager configured with UserDetailsService bean with name usuarioDetailsService
2025-12-06T10:51:13.286-03:00  WARN 13596 --- [sghss-api] [main] JpaBaseConfiguration$JpaWebConfiguration : spring.jpa.open-in-view is enabled by default. Therefore, database queries may be performed during view rendering. Explicitly configure spring.jpa.open-in-view to disable this warning
2025-12-06T10:51:14.000-03:00  INFO 13596 --- [sghss-api] [main] o.s.b.w.embedded.tomcat.TomcatWebServer  : Tomcat started on port 8080 (http) with context path '/'
2025-12-06T10:51:14.007-03:00  INFO 13596 --- [sghss-api] [main] c.a.sghss.api.SghssApiApplication        : Started SghssApiApplication in 5.125 seconds (process running for 5.782)
2025-12-06T10:51:14.012-03:00  INFO 13596 --- [sghss-api] [main] .s.b.a.l.ConditionEvaluationReportLogger : 

Error starting ApplicationContext. To display the condition evaluation report re-run your application with 'debug' enabled.
2025-12-06T10:51:14.022-03:00 ERROR 13596 --- [sghss-api] [main] o.s.boot.SpringApplication               : Application run failed

org.springframework.jdbc.datasource.init.CannotReadScriptException: Cannot read SQL script from class path resource [db/data.sql]
	at org.springframework.jdbc.datasource.init.ScriptUtils.executeSqlScript(ScriptUtils.java:239) ~[spring-jdbc-6.2.0.jar:6.2.0]
	at org.springframework.jdbc.datasource.init.ScriptUtils.executeSqlScript(ScriptUtils.java:188) ~[spring-jdbc-6.2.0.jar:6.2.0]
	at org.springframework.jdbc.datasource.init.ScriptUtils.executeSqlScript(ScriptUtils.java:150) ~[spring-jdbc-6.2.0.jar:6.2.0]
	at org.springframework.jdbc.datasource.init.ScriptUtils.executeSqlScript(ScriptUtils.java:126) ~[spring-jdbc-6.2.0.jar:6.2.0]
	at com.alanpatrik.sghss.api.config.DataInitializer.lambda$runScripts$0(DataInitializer.java:24) ~[classes/:na]
	at org.springframework.boot.SpringApplication.lambda$callRunner$4(SpringApplication.java:784) ~[spring-boot-3.4.0.jar:3.4.0]
	at org.springframework.util.function.ThrowingConsumer$1.acceptWithException(ThrowingConsumer.java:82) ~[spring-core-6.2.0.jar:6.2.0]
	at org.springframework.util.function.ThrowingConsumer.accept(ThrowingConsumer.java:60) ~[spring-core-6.2.0.jar:6.2.0]
	at org.springframework.util.function.ThrowingConsumer$1.accept(ThrowingConsumer.java:86) ~[spring-core-6.2.0.jar:6.2.0]
	at org.springframework.boot.SpringApplication.callRunner(SpringApplication.java:796) ~[spring-boot-3.4.0.jar:3.4.0]
	at org.springframework.boot.SpringApplication.callRunner(SpringApplication.java:784) ~[spring-boot-3.4.0.jar:3.4.0]
	at org.springframework.boot.SpringApplication.lambda$callRunners$3(SpringApplication.java:772) ~[spring-boot-3.4.0.jar:3.4.0]
	at java.base/java.util.stream.ForEachOps$ForEachOp$OfRef.accept(ForEachOps.java:184) ~[na:na]
	at java.base/java.util.stream.SortedOps$SizedRefSortingSink.end(SortedOps.java:357) ~[na:na]
	at java.base/java.util.stream.AbstractPipeline.copyInto(AbstractPipeline.java:510) ~[na:na]
	at java.base/java.util.stream.AbstractPipeline.wrapAndCopyInto(AbstractPipeline.java:499) ~[na:na]
	at java.base/java.util.stream.ForEachOps$ForEachOp.evaluateSequential(ForEachOps.java:151) ~[na:na]
	at java.base/java.util.stream.ForEachOps$ForEachOp$OfRef.evaluateSequential(ForEachOps.java:174) ~[na:na]
	at java.base/java.util.stream.AbstractPipeline.evaluate(AbstractPipeline.java:234) ~[na:na]
	at java.base/java.util.stream.ReferencePipeline.forEach(ReferencePipeline.java:596) ~[na:na]
	at org.springframework.boot.SpringApplication.callRunners(SpringApplication.java:772) ~[spring-boot-3.4.0.jar:3.4.0]
	at org.springframework.boot.SpringApplication.run(SpringApplication.java:325) ~[spring-boot-3.4.0.jar:3.4.0]
	at org.springframework.boot.SpringApplication.run(SpringApplication.java:1361) ~[spring-boot-3.4.0.jar:3.4.0]
	at org.springframework.boot.SpringApplication.run(SpringApplication.java:1350) ~[spring-boot-3.4.0.jar:3.4.0]
	at com.alanpatrik.sghss.api.SghssApiApplication.main(SghssApiApplication.java:13) ~[classes/:na]
Caused by: java.io.FileNotFoundException: class path resource [db/data.sql] cannot be opened because it does not exist
	at org.springframework.core.io.ClassPathResource.getInputStream(ClassPathResource.java:215) ~[spring-core-6.2.0.jar:6.2.0]
	at org.springframework.core.io.support.EncodedResource.getReader(EncodedResource.java:147) ~[spring-core-6.2.0.jar:6.2.0]
	at org.springframework.jdbc.datasource.init.ScriptUtils.readScript(ScriptUtils.java:328) ~[spring-jdbc-6.2.0.jar:6.2.0]
	at org.springframework.jdbc.datasource.init.ScriptUtils.executeSqlScript(ScriptUtils.java:236) ~[spring-jdbc-6.2.0.jar:6.2.0]
	... 24 common frames omitted

2025-12-06T10:51:14.026-03:00  INFO 13596 --- [sghss-api] [main] o.s.b.w.e.tomcat.GracefulShutdown        : Commencing graceful shutdown. Waiting for active requests to complete
2025-12-06T10:51:14.033-03:00  INFO 13596 --- [sghss-api] [tomcat-shutdown] o.s.b.w.e.tomcat.GracefulShutdown        : Graceful shutdown complete
2025-12-06T10:51:14.039-03:00  INFO 13596 --- [sghss-api] [main] j.LocalContainerEntityManagerFactoryBean : Closing JPA EntityManagerFactory for persistence unit 'default'
2025-12-06T10:51:14.041-03:00  INFO 13596 --- [sghss-api] [main] com.zaxxer.hikari.HikariDataSource       : HikariPool-1 - Shutdown initiated...
2025-12-06T10:51:14.043-03:00  INFO 13596 --- [sghss-api] [main] com.zaxxer.hikari.HikariDataSource       : HikariPool-1 - Shutdown completed.
2025-12-06T10:51:32.198-03:00  INFO 20932 --- [sghss-api] [main] c.a.sghss.api.SghssApiApplication        : Starting SghssApiApplication using Java 21.0.4 with PID 20932 (C:\Users\alan.patrik\Documents\Pessoal\SGHSS\sghss-api\target\classes started by asantos in C:\Users\alan.patrik\Documents\Pessoal\SGHSS\sghss-api)
2025-12-06T10:51:32.200-03:00 DEBUG 20932 --- [sghss-api] [main] c.a.sghss.api.SghssApiApplication        : Running with Spring Boot v3.4.0, Spring v6.2.0
2025-12-06T10:51:32.201-03:00  INFO 20932 --- [sghss-api] [main] c.a.sghss.api.SghssApiApplication        : The following 1 profile is active: "dev"
2025-12-06T10:51:32.936-03:00  INFO 20932 --- [sghss-api] [main] .s.d.r.c.RepositoryConfigurationDelegate : Bootstrapping Spring Data JPA repositories in DEFAULT mode.
2025-12-06T10:51:33.019-03:00  INFO 20932 --- [sghss-api] [main] .s.d.r.c.RepositoryConfigurationDelegate : Finished Spring Data repository scanning in 76 ms. Found 15 JPA repository interfaces.
2025-12-06T10:51:33.595-03:00  INFO 20932 --- [sghss-api] [main] o.s.b.w.embedded.tomcat.TomcatWebServer  : Tomcat initialized with port 8080 (http)
2025-12-06T10:51:33.605-03:00  INFO 20932 --- [sghss-api] [main] o.apache.catalina.core.StandardService   : Starting service [Tomcat]
2025-12-06T10:51:33.605-03:00  INFO 20932 --- [sghss-api] [main] o.apache.catalina.core.StandardEngine    : Starting Servlet engine: [Apache Tomcat/10.1.33]
2025-12-06T10:51:33.652-03:00  INFO 20932 --- [sghss-api] [main] o.a.c.c.C.[Tomcat].[localhost].[/]       : Initializing Spring embedded WebApplicationContext
2025-12-06T10:51:33.652-03:00  INFO 20932 --- [sghss-api] [main] w.s.c.ServletWebServerApplicationContext : Root WebApplicationContext: initialization completed in 1396 ms
2025-12-06T10:51:33.745-03:00  INFO 20932 --- [sghss-api] [main] o.hibernate.jpa.internal.util.LogHelper  : HHH000204: Processing PersistenceUnitInfo [name: default]
2025-12-06T10:51:33.783-03:00  INFO 20932 --- [sghss-api] [main] org.hibernate.Version                    : HHH000412: Hibernate ORM core version 6.6.2.Final
2025-12-06T10:51:33.816-03:00  INFO 20932 --- [sghss-api] [main] o.h.c.internal.RegionFactoryInitiator    : HHH000026: Second-level cache disabled
2025-12-06T10:51:34.014-03:00  INFO 20932 --- [sghss-api] [main] o.s.o.j.p.SpringPersistenceUnitInfo      : No LoadTimeWeaver setup: ignoring JPA class transformer
2025-12-06T10:51:34.037-03:00  INFO 20932 --- [sghss-api] [main] com.zaxxer.hikari.HikariDataSource       : HikariPool-1 - Starting...
2025-12-06T10:51:34.160-03:00  INFO 20932 --- [sghss-api] [main] com.zaxxer.hikari.pool.HikariPool        : HikariPool-1 - Added connection conn0: url=jdbc:h2:mem:sghssdb user=SA
2025-12-06T10:51:34.161-03:00  INFO 20932 --- [sghss-api] [main] com.zaxxer.hikari.HikariDataSource       : HikariPool-1 - Start completed.
2025-12-06T10:51:34.199-03:00  INFO 20932 --- [sghss-api] [main] org.hibernate.orm.connections.pooling    : HHH10001005: Database info:
	Database JDBC URL [Connecting through datasource 'HikariDataSource (HikariPool-1)']
	Database driver: undefined/unknown
	Database version: 2.3.232
	Autocommit mode: undefined/unknown
	Isolation level: undefined/unknown
	Minimum pool size: undefined/unknown
	Maximum pool size: undefined/unknown
2025-12-06T10:51:35.169-03:00  INFO 20932 --- [sghss-api] [main] o.h.e.t.j.p.i.JtaPlatformInitiator       : HHH000489: No JTA platform available (set 'hibernate.transaction.jta.platform' to enable JTA platform integration)
2025-12-06T10:51:35.256-03:00  INFO 20932 --- [sghss-api] [main] j.LocalContainerEntityManagerFactoryBean : Initialized JPA EntityManagerFactory for persistence unit 'default'
2025-12-06T10:51:35.468-03:00  INFO 20932 --- [sghss-api] [main] o.s.d.j.r.query.QueryEnhancerFactory     : Hibernate is in classpath; If applicable, HQL parser will be used.
2025-12-06T10:51:35.785-03:00  INFO 20932 --- [sghss-api] [main] o.s.b.a.h2.H2ConsoleAutoConfiguration    : H2 console available at '/h2-console'. Database available at 'jdbc:h2:mem:sghssdb'
2025-12-06T10:51:35.838-03:00 DEBUG 20932 --- [sghss-api] [main] c.a.s.a.a.AuditoriaLoggingFilter         : Filter 'auditFilterRegistration' configured for use
2025-12-06T10:51:36.048-03:00  INFO 20932 --- [sghss-api] [main] r$InitializeUserDetailsManagerConfigurer : Global AuthenticationManager configured with UserDetailsService bean with name usuarioDetailsService
2025-12-06T10:51:36.364-03:00  WARN 20932 --- [sghss-api] [main] JpaBaseConfiguration$JpaWebConfiguration : spring.jpa.open-in-view is enabled by default. Therefore, database queries may be performed during view rendering. Explicitly configure spring.jpa.open-in-view to disable this warning
2025-12-06T10:51:37.082-03:00  INFO 20932 --- [sghss-api] [main] o.s.b.w.embedded.tomcat.TomcatWebServer  : Tomcat started on port 8080 (http) with context path '/'
2025-12-06T10:51:37.088-03:00  INFO 20932 --- [sghss-api] [main] c.a.sghss.api.SghssApiApplication        : Started SghssApiApplication in 5.211 seconds (process running for 5.882)
2025-12-06T10:51:37.093-03:00  INFO 20932 --- [sghss-api] [main] .s.b.a.l.ConditionEvaluationReportLogger : 

Error starting ApplicationContext. To display the condition evaluation report re-run your application with 'debug' enabled.
2025-12-06T10:51:37.103-03:00 ERROR 20932 --- [sghss-api] [main] o.s.boot.SpringApplication               : Application run failed

org.springframework.jdbc.datasource.init.CannotReadScriptException: Cannot read SQL script from class path resource [db/data.sql]
	at org.springframework.jdbc.datasource.init.ScriptUtils.executeSqlScript(ScriptUtils.java:239) ~[spring-jdbc-6.2.0.jar:6.2.0]
	at org.springframework.jdbc.datasource.init.ScriptUtils.executeSqlScript(ScriptUtils.java:188) ~[spring-jdbc-6.2.0.jar:6.2.0]
	at org.springframework.jdbc.datasource.init.ScriptUtils.executeSqlScript(ScriptUtils.java:150) ~[spring-jdbc-6.2.0.jar:6.2.0]
	at org.springframework.jdbc.datasource.init.ScriptUtils.executeSqlScript(ScriptUtils.java:126) ~[spring-jdbc-6.2.0.jar:6.2.0]
	at com.alanpatrik.sghss.api.config.DataInitializer.lambda$runScripts$0(DataInitializer.java:24) ~[classes/:na]
	at org.springframework.boot.SpringApplication.lambda$callRunner$4(SpringApplication.java:784) ~[spring-boot-3.4.0.jar:3.4.0]
	at org.springframework.util.function.ThrowingConsumer$1.acceptWithException(ThrowingConsumer.java:82) ~[spring-core-6.2.0.jar:6.2.0]
	at org.springframework.util.function.ThrowingConsumer.accept(ThrowingConsumer.java:60) ~[spring-core-6.2.0.jar:6.2.0]
	at org.springframework.util.function.ThrowingConsumer$1.accept(ThrowingConsumer.java:86) ~[spring-core-6.2.0.jar:6.2.0]
	at org.springframework.boot.SpringApplication.callRunner(SpringApplication.java:796) ~[spring-boot-3.4.0.jar:3.4.0]
	at org.springframework.boot.SpringApplication.callRunner(SpringApplication.java:784) ~[spring-boot-3.4.0.jar:3.4.0]
	at org.springframework.boot.SpringApplication.lambda$callRunners$3(SpringApplication.java:772) ~[spring-boot-3.4.0.jar:3.4.0]
	at java.base/java.util.stream.ForEachOps$ForEachOp$OfRef.accept(ForEachOps.java:184) ~[na:na]
	at java.base/java.util.stream.SortedOps$SizedRefSortingSink.end(SortedOps.java:357) ~[na:na]
	at java.base/java.util.stream.AbstractPipeline.copyInto(AbstractPipeline.java:510) ~[na:na]
	at java.base/java.util.stream.AbstractPipeline.wrapAndCopyInto(AbstractPipeline.java:499) ~[na:na]
	at java.base/java.util.stream.ForEachOps$ForEachOp.evaluateSequential(ForEachOps.java:151) ~[na:na]
	at java.base/java.util.stream.ForEachOps$ForEachOp$OfRef.evaluateSequential(ForEachOps.java:174) ~[na:na]
	at java.base/java.util.stream.AbstractPipeline.evaluate(AbstractPipeline.java:234) ~[na:na]
	at java.base/java.util.stream.ReferencePipeline.forEach(ReferencePipeline.java:596) ~[na:na]
	at org.springframework.boot.SpringApplication.callRunners(SpringApplication.java:772) ~[spring-boot-3.4.0.jar:3.4.0]
	at org.springframework.boot.SpringApplication.run(SpringApplication.java:325) ~[spring-boot-3.4.0.jar:3.4.0]
	at org.springframework.boot.SpringApplication.run(SpringApplication.java:1361) ~[spring-boot-3.4.0.jar:3.4.0]
	at org.springframework.boot.SpringApplication.run(SpringApplication.java:1350) ~[spring-boot-3.4.0.jar:3.4.0]
	at com.alanpatrik.sghss.api.SghssApiApplication.main(SghssApiApplication.java:13) ~[classes/:na]
Caused by: java.io.FileNotFoundException: class path resource [db/data.sql] cannot be opened because it does not exist
	at org.springframework.core.io.ClassPathResource.getInputStream(ClassPathResource.java:215) ~[spring-core-6.2.0.jar:6.2.0]
	at org.springframework.core.io.support.EncodedResource.getReader(EncodedResource.java:147) ~[spring-core-6.2.0.jar:6.2.0]
	at org.springframework.jdbc.datasource.init.ScriptUtils.readScript(ScriptUtils.java:328) ~[spring-jdbc-6.2.0.jar:6.2.0]
	at org.springframework.jdbc.datasource.init.ScriptUtils.executeSqlScript(ScriptUtils.java:236) ~[spring-jdbc-6.2.0.jar:6.2.0]
	... 24 common frames omitted

2025-12-06T10:51:37.107-03:00  INFO 20932 --- [sghss-api] [main] o.s.b.w.e.tomcat.GracefulShutdown        : Commencing graceful shutdown. Waiting for active requests to complete
2025-12-06T10:51:37.112-03:00  INFO 20932 --- [sghss-api] [tomcat-shutdown] o.s.b.w.e.tomcat.GracefulShutdown        : Graceful shutdown complete
2025-12-06T10:51:37.118-03:00  INFO 20932 --- [sghss-api] [main] j.LocalContainerEntityManagerFactoryBean : Closing JPA EntityManagerFactory for persistence unit 'default'
2025-12-06T10:51:37.119-03:00  INFO 20932 --- [sghss-api] [main] com.zaxxer.hikari.HikariDataSource       : HikariPool-1 - Shutdown initiated...
2025-12-06T10:51:37.121-03:00  INFO 20932 --- [sghss-api] [main] com.zaxxer.hikari.HikariDataSource       : HikariPool-1 - Shutdown completed.
2025-12-06T10:51:47.442-03:00  INFO 20868 --- [sghss-api] [main] c.a.sghss.api.SghssApiApplication        : Starting SghssApiApplication using Java 21.0.4 with PID 20868 (C:\Users\alan.patrik\Documents\Pessoal\SGHSS\sghss-api\target\classes started by asantos in C:\Users\alan.patrik\Documents\Pessoal\SGHSS\sghss-api)
2025-12-06T10:51:47.444-03:00 DEBUG 20868 --- [sghss-api] [main] c.a.sghss.api.SghssApiApplication        : Running with Spring Boot v3.4.0, Spring v6.2.0
2025-12-06T10:51:47.445-03:00  INFO 20868 --- [sghss-api] [main] c.a.sghss.api.SghssApiApplication        : The following 1 profile is active: "dev"
2025-12-06T10:51:48.194-03:00  INFO 20868 --- [sghss-api] [main] .s.d.r.c.RepositoryConfigurationDelegate : Bootstrapping Spring Data JPA repositories in DEFAULT mode.
2025-12-06T10:51:48.282-03:00  INFO 20868 --- [sghss-api] [main] .s.d.r.c.RepositoryConfigurationDelegate : Finished Spring Data repository scanning in 78 ms. Found 15 JPA repository interfaces.
2025-12-06T10:51:48.843-03:00  INFO 20868 --- [sghss-api] [main] o.s.b.w.embedded.tomcat.TomcatWebServer  : Tomcat initialized with port 8080 (http)
2025-12-06T10:51:48.853-03:00  INFO 20868 --- [sghss-api] [main] o.apache.catalina.core.StandardService   : Starting service [Tomcat]
2025-12-06T10:51:48.854-03:00  INFO 20868 --- [sghss-api] [main] o.apache.catalina.core.StandardEngine    : Starting Servlet engine: [Apache Tomcat/10.1.33]
2025-12-06T10:51:48.905-03:00  INFO 20868 --- [sghss-api] [main] o.a.c.c.C.[Tomcat].[localhost].[/]       : Initializing Spring embedded WebApplicationContext
2025-12-06T10:51:48.905-03:00  INFO 20868 --- [sghss-api] [main] w.s.c.ServletWebServerApplicationContext : Root WebApplicationContext: initialization completed in 1409 ms
2025-12-06T10:51:49.003-03:00  INFO 20868 --- [sghss-api] [main] o.hibernate.jpa.internal.util.LogHelper  : HHH000204: Processing PersistenceUnitInfo [name: default]
2025-12-06T10:51:49.041-03:00  INFO 20868 --- [sghss-api] [main] org.hibernate.Version                    : HHH000412: Hibernate ORM core version 6.6.2.Final
2025-12-06T10:51:49.067-03:00  INFO 20868 --- [sghss-api] [main] o.h.c.internal.RegionFactoryInitiator    : HHH000026: Second-level cache disabled
2025-12-06T10:51:49.266-03:00  INFO 20868 --- [sghss-api] [main] o.s.o.j.p.SpringPersistenceUnitInfo      : No LoadTimeWeaver setup: ignoring JPA class transformer
2025-12-06T10:51:49.289-03:00  INFO 20868 --- [sghss-api] [main] com.zaxxer.hikari.HikariDataSource       : HikariPool-1 - Starting...
2025-12-06T10:51:49.431-03:00  INFO 20868 --- [sghss-api] [main] com.zaxxer.hikari.pool.HikariPool        : HikariPool-1 - Added connection conn0: url=jdbc:h2:mem:sghssdb user=SA
2025-12-06T10:51:49.433-03:00  INFO 20868 --- [sghss-api] [main] com.zaxxer.hikari.HikariDataSource       : HikariPool-1 - Start completed.
2025-12-06T10:51:49.476-03:00  INFO 20868 --- [sghss-api] [main] org.hibernate.orm.connections.pooling    : HHH10001005: Database info:
	Database JDBC URL [Connecting through datasource 'HikariDataSource (HikariPool-1)']
	Database driver: undefined/unknown
	Database version: 2.3.232
	Autocommit mode: undefined/unknown
	Isolation level: undefined/unknown
	Minimum pool size: undefined/unknown
	Maximum pool size: undefined/unknown
2025-12-06T10:51:50.474-03:00  INFO 20868 --- [sghss-api] [main] o.h.e.t.j.p.i.JtaPlatformInitiator       : HHH000489: No JTA platform available (set 'hibernate.transaction.jta.platform' to enable JTA platform integration)
2025-12-06T10:51:50.714-03:00  INFO 20868 --- [sghss-api] [main] j.LocalContainerEntityManagerFactoryBean : Initialized JPA EntityManagerFactory for persistence unit 'default'
2025-12-06T10:51:51.012-03:00  INFO 20868 --- [sghss-api] [main] o.s.d.j.r.query.QueryEnhancerFactory     : Hibernate is in classpath; If applicable, HQL parser will be used.
2025-12-06T10:51:51.394-03:00  INFO 20868 --- [sghss-api] [main] o.s.b.a.h2.H2ConsoleAutoConfiguration    : H2 console available at '/h2-console'. Database available at 'jdbc:h2:mem:sghssdb'
2025-12-06T10:51:51.437-03:00 DEBUG 20868 --- [sghss-api] [main] c.a.s.a.a.AuditoriaLoggingFilter         : Filter 'auditFilterRegistration' configured for use
2025-12-06T10:51:51.654-03:00  INFO 20868 --- [sghss-api] [main] r$InitializeUserDetailsManagerConfigurer : Global AuthenticationManager configured with UserDetailsService bean with name usuarioDetailsService
2025-12-06T10:51:51.978-03:00  WARN 20868 --- [sghss-api] [main] JpaBaseConfiguration$JpaWebConfiguration : spring.jpa.open-in-view is enabled by default. Therefore, database queries may be performed during view rendering. Explicitly configure spring.jpa.open-in-view to disable this warning
2025-12-06T10:51:52.739-03:00  INFO 20868 --- [sghss-api] [main] o.s.b.w.embedded.tomcat.TomcatWebServer  : Tomcat started on port 8080 (http) with context path '/'
2025-12-06T10:51:52.748-03:00  INFO 20868 --- [sghss-api] [main] c.a.sghss.api.SghssApiApplication        : Started SghssApiApplication in 5.628 seconds (process running for 6.311)
2025-12-06T10:51:52.753-03:00  INFO 20868 --- [sghss-api] [main] .s.b.a.l.ConditionEvaluationReportLogger : 

Error starting ApplicationContext. To display the condition evaluation report re-run your application with 'debug' enabled.
2025-12-06T10:51:52.763-03:00 ERROR 20868 --- [sghss-api] [main] o.s.boot.SpringApplication               : Application run failed

org.springframework.jdbc.datasource.init.CannotReadScriptException: Cannot read SQL script from class path resource [db/data.sql]
	at org.springframework.jdbc.datasource.init.ScriptUtils.executeSqlScript(ScriptUtils.java:239) ~[spring-jdbc-6.2.0.jar:6.2.0]
	at org.springframework.jdbc.datasource.init.ScriptUtils.executeSqlScript(ScriptUtils.java:188) ~[spring-jdbc-6.2.0.jar:6.2.0]
	at org.springframework.jdbc.datasource.init.ScriptUtils.executeSqlScript(ScriptUtils.java:150) ~[spring-jdbc-6.2.0.jar:6.2.0]
	at org.springframework.jdbc.datasource.init.ScriptUtils.executeSqlScript(ScriptUtils.java:126) ~[spring-jdbc-6.2.0.jar:6.2.0]
	at com.alanpatrik.sghss.api.config.DataInitializer.lambda$runScripts$0(DataInitializer.java:24) ~[classes/:na]
	at org.springframework.boot.SpringApplication.lambda$callRunner$4(SpringApplication.java:784) ~[spring-boot-3.4.0.jar:3.4.0]
	at org.springframework.util.function.ThrowingConsumer$1.acceptWithException(ThrowingConsumer.java:82) ~[spring-core-6.2.0.jar:6.2.0]
	at org.springframework.util.function.ThrowingConsumer.accept(ThrowingConsumer.java:60) ~[spring-core-6.2.0.jar:6.2.0]
	at org.springframework.util.function.ThrowingConsumer$1.accept(ThrowingConsumer.java:86) ~[spring-core-6.2.0.jar:6.2.0]
	at org.springframework.boot.SpringApplication.callRunner(SpringApplication.java:796) ~[spring-boot-3.4.0.jar:3.4.0]
	at org.springframework.boot.SpringApplication.callRunner(SpringApplication.java:784) ~[spring-boot-3.4.0.jar:3.4.0]
	at org.springframework.boot.SpringApplication.lambda$callRunners$3(SpringApplication.java:772) ~[spring-boot-3.4.0.jar:3.4.0]
	at java.base/java.util.stream.ForEachOps$ForEachOp$OfRef.accept(ForEachOps.java:184) ~[na:na]
	at java.base/java.util.stream.SortedOps$SizedRefSortingSink.end(SortedOps.java:357) ~[na:na]
	at java.base/java.util.stream.AbstractPipeline.copyInto(AbstractPipeline.java:510) ~[na:na]
	at java.base/java.util.stream.AbstractPipeline.wrapAndCopyInto(AbstractPipeline.java:499) ~[na:na]
	at java.base/java.util.stream.ForEachOps$ForEachOp.evaluateSequential(ForEachOps.java:151) ~[na:na]
	at java.base/java.util.stream.ForEachOps$ForEachOp$OfRef.evaluateSequential(ForEachOps.java:174) ~[na:na]
	at java.base/java.util.stream.AbstractPipeline.evaluate(AbstractPipeline.java:234) ~[na:na]
	at java.base/java.util.stream.ReferencePipeline.forEach(ReferencePipeline.java:596) ~[na:na]
	at org.springframework.boot.SpringApplication.callRunners(SpringApplication.java:772) ~[spring-boot-3.4.0.jar:3.4.0]
	at org.springframework.boot.SpringApplication.run(SpringApplication.java:325) ~[spring-boot-3.4.0.jar:3.4.0]
	at org.springframework.boot.SpringApplication.run(SpringApplication.java:1361) ~[spring-boot-3.4.0.jar:3.4.0]
	at org.springframework.boot.SpringApplication.run(SpringApplication.java:1350) ~[spring-boot-3.4.0.jar:3.4.0]
	at com.alanpatrik.sghss.api.SghssApiApplication.main(SghssApiApplication.java:13) ~[classes/:na]
Caused by: java.io.FileNotFoundException: class path resource [db/data.sql] cannot be opened because it does not exist
	at org.springframework.core.io.ClassPathResource.getInputStream(ClassPathResource.java:215) ~[spring-core-6.2.0.jar:6.2.0]
	at org.springframework.core.io.support.EncodedResource.getReader(EncodedResource.java:147) ~[spring-core-6.2.0.jar:6.2.0]
	at org.springframework.jdbc.datasource.init.ScriptUtils.readScript(ScriptUtils.java:328) ~[spring-jdbc-6.2.0.jar:6.2.0]
	at org.springframework.jdbc.datasource.init.ScriptUtils.executeSqlScript(ScriptUtils.java:236) ~[spring-jdbc-6.2.0.jar:6.2.0]
	... 24 common frames omitted

2025-12-06T10:51:52.767-03:00  INFO 20868 --- [sghss-api] [main] o.s.b.w.e.tomcat.GracefulShutdown        : Commencing graceful shutdown. Waiting for active requests to complete
2025-12-06T10:51:52.774-03:00  INFO 20868 --- [sghss-api] [tomcat-shutdown] o.s.b.w.e.tomcat.GracefulShutdown        : Graceful shutdown complete
2025-12-06T10:51:52.779-03:00  INFO 20868 --- [sghss-api] [main] j.LocalContainerEntityManagerFactoryBean : Closing JPA EntityManagerFactory for persistence unit 'default'
2025-12-06T10:51:52.780-03:00  INFO 20868 --- [sghss-api] [main] com.zaxxer.hikari.HikariDataSource       : HikariPool-1 - Shutdown initiated...
2025-12-06T10:51:52.783-03:00  INFO 20868 --- [sghss-api] [main] com.zaxxer.hikari.HikariDataSource       : HikariPool-1 - Shutdown completed.
2025-12-06T10:52:45.127-03:00  INFO 15476 --- [sghss-api] [main] c.a.sghss.api.SghssApiApplication        : Starting SghssApiApplication using Java 21.0.4 with PID 15476 (C:\Users\alan.patrik\Documents\Pessoal\SGHSS\sghss-api\target\classes started by asantos in C:\Users\alan.patrik\Documents\Pessoal\SGHSS\sghss-api)
2025-12-06T10:52:45.128-03:00 DEBUG 15476 --- [sghss-api] [main] c.a.sghss.api.SghssApiApplication        : Running with Spring Boot v3.4.0, Spring v6.2.0
2025-12-06T10:52:45.129-03:00  INFO 15476 --- [sghss-api] [main] c.a.sghss.api.SghssApiApplication        : The following 1 profile is active: "dev"
2025-12-06T10:52:45.847-03:00  INFO 15476 --- [sghss-api] [main] .s.d.r.c.RepositoryConfigurationDelegate : Bootstrapping Spring Data JPA repositories in DEFAULT mode.
2025-12-06T10:52:45.933-03:00  INFO 15476 --- [sghss-api] [main] .s.d.r.c.RepositoryConfigurationDelegate : Finished Spring Data repository scanning in 77 ms. Found 15 JPA repository interfaces.
2025-12-06T10:52:46.494-03:00  INFO 15476 --- [sghss-api] [main] o.s.b.w.embedded.tomcat.TomcatWebServer  : Tomcat initialized with port 8080 (http)
2025-12-06T10:52:46.504-03:00  INFO 15476 --- [sghss-api] [main] o.apache.catalina.core.StandardService   : Starting service [Tomcat]
2025-12-06T10:52:46.506-03:00  INFO 15476 --- [sghss-api] [main] o.apache.catalina.core.StandardEngine    : Starting Servlet engine: [Apache Tomcat/10.1.33]
2025-12-06T10:52:46.550-03:00  INFO 15476 --- [sghss-api] [main] o.a.c.c.C.[Tomcat].[localhost].[/]       : Initializing Spring embedded WebApplicationContext
2025-12-06T10:52:46.551-03:00  INFO 15476 --- [sghss-api] [main] w.s.c.ServletWebServerApplicationContext : Root WebApplicationContext: initialization completed in 1381 ms
2025-12-06T10:52:46.646-03:00  INFO 15476 --- [sghss-api] [main] o.hibernate.jpa.internal.util.LogHelper  : HHH000204: Processing PersistenceUnitInfo [name: default]
2025-12-06T10:52:46.684-03:00  INFO 15476 --- [sghss-api] [main] org.hibernate.Version                    : HHH000412: Hibernate ORM core version 6.6.2.Final
2025-12-06T10:52:46.716-03:00  INFO 15476 --- [sghss-api] [main] o.h.c.internal.RegionFactoryInitiator    : HHH000026: Second-level cache disabled
2025-12-06T10:52:46.905-03:00  INFO 15476 --- [sghss-api] [main] o.s.o.j.p.SpringPersistenceUnitInfo      : No LoadTimeWeaver setup: ignoring JPA class transformer
2025-12-06T10:52:46.930-03:00  INFO 15476 --- [sghss-api] [main] com.zaxxer.hikari.HikariDataSource       : HikariPool-1 - Starting...
2025-12-06T10:52:47.055-03:00  INFO 15476 --- [sghss-api] [main] com.zaxxer.hikari.pool.HikariPool        : HikariPool-1 - Added connection conn0: url=jdbc:h2:mem:sghssdb user=SA
2025-12-06T10:52:47.056-03:00  INFO 15476 --- [sghss-api] [main] com.zaxxer.hikari.HikariDataSource       : HikariPool-1 - Start completed.
2025-12-06T10:52:47.098-03:00  INFO 15476 --- [sghss-api] [main] org.hibernate.orm.connections.pooling    : HHH10001005: Database info:
	Database JDBC URL [Connecting through datasource 'HikariDataSource (HikariPool-1)']
	Database driver: undefined/unknown
	Database version: 2.3.232
	Autocommit mode: undefined/unknown
	Isolation level: undefined/unknown
	Minimum pool size: undefined/unknown
	Maximum pool size: undefined/unknown
2025-12-06T10:52:48.051-03:00  INFO 15476 --- [sghss-api] [main] o.h.e.t.j.p.i.JtaPlatformInitiator       : HHH000489: No JTA platform available (set 'hibernate.transaction.jta.platform' to enable JTA platform integration)
2025-12-06T10:52:48.134-03:00  INFO 15476 --- [sghss-api] [main] j.LocalContainerEntityManagerFactoryBean : Initialized JPA EntityManagerFactory for persistence unit 'default'
2025-12-06T10:52:48.345-03:00  INFO 15476 --- [sghss-api] [main] o.s.d.j.r.query.QueryEnhancerFactory     : Hibernate is in classpath; If applicable, HQL parser will be used.
2025-12-06T10:52:48.670-03:00  INFO 15476 --- [sghss-api] [main] o.s.b.a.h2.H2ConsoleAutoConfiguration    : H2 console available at '/h2-console'. Database available at 'jdbc:h2:mem:sghssdb'
2025-12-06T10:52:48.710-03:00 DEBUG 15476 --- [sghss-api] [main] c.a.s.a.a.AuditoriaLoggingFilter         : Filter 'auditFilterRegistration' configured for use
2025-12-06T10:52:48.931-03:00  INFO 15476 --- [sghss-api] [main] r$InitializeUserDetailsManagerConfigurer : Global AuthenticationManager configured with UserDetailsService bean with name usuarioDetailsService
2025-12-06T10:52:49.250-03:00  WARN 15476 --- [sghss-api] [main] JpaBaseConfiguration$JpaWebConfiguration : spring.jpa.open-in-view is enabled by default. Therefore, database queries may be performed during view rendering. Explicitly configure spring.jpa.open-in-view to disable this warning
2025-12-06T10:52:49.961-03:00  INFO 15476 --- [sghss-api] [main] o.s.b.w.embedded.tomcat.TomcatWebServer  : Tomcat started on port 8080 (http) with context path '/'
2025-12-06T10:52:49.967-03:00  INFO 15476 --- [sghss-api] [main] c.a.sghss.api.SghssApiApplication        : Started SghssApiApplication in 5.156 seconds (process running for 5.742)
2025-12-06T10:52:49.972-03:00  INFO 15476 --- [sghss-api] [main] .s.b.a.l.ConditionEvaluationReportLogger : 

Error starting ApplicationContext. To display the condition evaluation report re-run your application with 'debug' enabled.
2025-12-06T10:52:49.982-03:00 ERROR 15476 --- [sghss-api] [main] o.s.boot.SpringApplication               : Application run failed

org.springframework.jdbc.datasource.init.CannotReadScriptException: Cannot read SQL script from class path resource [db/data.sql]
	at org.springframework.jdbc.datasource.init.ScriptUtils.executeSqlScript(ScriptUtils.java:239) ~[spring-jdbc-6.2.0.jar:6.2.0]
	at org.springframework.jdbc.datasource.init.ScriptUtils.executeSqlScript(ScriptUtils.java:188) ~[spring-jdbc-6.2.0.jar:6.2.0]
	at org.springframework.jdbc.datasource.init.ScriptUtils.executeSqlScript(ScriptUtils.java:150) ~[spring-jdbc-6.2.0.jar:6.2.0]
	at org.springframework.jdbc.datasource.init.ScriptUtils.executeSqlScript(ScriptUtils.java:126) ~[spring-jdbc-6.2.0.jar:6.2.0]
	at com.alanpatrik.sghss.api.config.DataInitializer.lambda$runScripts$0(DataInitializer.java:24) ~[classes/:na]
	at org.springframework.boot.SpringApplication.lambda$callRunner$4(SpringApplication.java:784) ~[spring-boot-3.4.0.jar:3.4.0]
	at org.springframework.util.function.ThrowingConsumer$1.acceptWithException(ThrowingConsumer.java:82) ~[spring-core-6.2.0.jar:6.2.0]
	at org.springframework.util.function.ThrowingConsumer.accept(ThrowingConsumer.java:60) ~[spring-core-6.2.0.jar:6.2.0]
	at org.springframework.util.function.ThrowingConsumer$1.accept(ThrowingConsumer.java:86) ~[spring-core-6.2.0.jar:6.2.0]
	at org.springframework.boot.SpringApplication.callRunner(SpringApplication.java:796) ~[spring-boot-3.4.0.jar:3.4.0]
	at org.springframework.boot.SpringApplication.callRunner(SpringApplication.java:784) ~[spring-boot-3.4.0.jar:3.4.0]
	at org.springframework.boot.SpringApplication.lambda$callRunners$3(SpringApplication.java:772) ~[spring-boot-3.4.0.jar:3.4.0]
	at java.base/java.util.stream.ForEachOps$ForEachOp$OfRef.accept(ForEachOps.java:184) ~[na:na]
	at java.base/java.util.stream.SortedOps$SizedRefSortingSink.end(SortedOps.java:357) ~[na:na]
	at java.base/java.util.stream.AbstractPipeline.copyInto(AbstractPipeline.java:510) ~[na:na]
	at java.base/java.util.stream.AbstractPipeline.wrapAndCopyInto(AbstractPipeline.java:499) ~[na:na]
	at java.base/java.util.stream.ForEachOps$ForEachOp.evaluateSequential(ForEachOps.java:151) ~[na:na]
	at java.base/java.util.stream.ForEachOps$ForEachOp$OfRef.evaluateSequential(ForEachOps.java:174) ~[na:na]
	at java.base/java.util.stream.AbstractPipeline.evaluate(AbstractPipeline.java:234) ~[na:na]
	at java.base/java.util.stream.ReferencePipeline.forEach(ReferencePipeline.java:596) ~[na:na]
	at org.springframework.boot.SpringApplication.callRunners(SpringApplication.java:772) ~[spring-boot-3.4.0.jar:3.4.0]
	at org.springframework.boot.SpringApplication.run(SpringApplication.java:325) ~[spring-boot-3.4.0.jar:3.4.0]
	at org.springframework.boot.SpringApplication.run(SpringApplication.java:1361) ~[spring-boot-3.4.0.jar:3.4.0]
	at org.springframework.boot.SpringApplication.run(SpringApplication.java:1350) ~[spring-boot-3.4.0.jar:3.4.0]
	at com.alanpatrik.sghss.api.SghssApiApplication.main(SghssApiApplication.java:13) ~[classes/:na]
Caused by: java.io.FileNotFoundException: class path resource [db/data.sql] cannot be opened because it does not exist
	at org.springframework.core.io.ClassPathResource.getInputStream(ClassPathResource.java:215) ~[spring-core-6.2.0.jar:6.2.0]
	at org.springframework.core.io.support.EncodedResource.getReader(EncodedResource.java:147) ~[spring-core-6.2.0.jar:6.2.0]
	at org.springframework.jdbc.datasource.init.ScriptUtils.readScript(ScriptUtils.java:328) ~[spring-jdbc-6.2.0.jar:6.2.0]
	at org.springframework.jdbc.datasource.init.ScriptUtils.executeSqlScript(ScriptUtils.java:236) ~[spring-jdbc-6.2.0.jar:6.2.0]
	... 24 common frames omitted

2025-12-06T10:52:49.987-03:00  INFO 15476 --- [sghss-api] [main] o.s.b.w.e.tomcat.GracefulShutdown        : Commencing graceful shutdown. Waiting for active requests to complete
2025-12-06T10:52:49.992-03:00  INFO 15476 --- [sghss-api] [tomcat-shutdown] o.s.b.w.e.tomcat.GracefulShutdown        : Graceful shutdown complete
2025-12-06T10:52:49.997-03:00  INFO 15476 --- [sghss-api] [main] j.LocalContainerEntityManagerFactoryBean : Closing JPA EntityManagerFactory for persistence unit 'default'
2025-12-06T10:52:50.001-03:00  INFO 15476 --- [sghss-api] [main] com.zaxxer.hikari.HikariDataSource       : HikariPool-1 - Shutdown initiated...
2025-12-06T10:52:50.004-03:00  INFO 15476 --- [sghss-api] [main] com.zaxxer.hikari.HikariDataSource       : HikariPool-1 - Shutdown completed.
2025-12-06T10:54:17.119-03:00  INFO 14516 --- [sghss-api] [main] c.a.sghss.api.SghssApiApplication        : Starting SghssApiApplication using Java 21.0.4 with PID 14516 (C:\Users\alan.patrik\Documents\Pessoal\SGHSS\sghss-api\target\classes started by asantos in C:\Users\alan.patrik\Documents\Pessoal\SGHSS\sghss-api)
2025-12-06T10:54:17.121-03:00 DEBUG 14516 --- [sghss-api] [main] c.a.sghss.api.SghssApiApplication        : Running with Spring Boot v3.4.0, Spring v6.2.0
2025-12-06T10:54:17.121-03:00  INFO 14516 --- [sghss-api] [main] c.a.sghss.api.SghssApiApplication        : The following 1 profile is active: "dev"
2025-12-06T10:54:17.873-03:00  INFO 14516 --- [sghss-api] [main] .s.d.r.c.RepositoryConfigurationDelegate : Bootstrapping Spring Data JPA repositories in DEFAULT mode.
2025-12-06T10:54:17.967-03:00  INFO 14516 --- [sghss-api] [main] .s.d.r.c.RepositoryConfigurationDelegate : Finished Spring Data repository scanning in 79 ms. Found 15 JPA repository interfaces.
2025-12-06T10:54:18.554-03:00  INFO 14516 --- [sghss-api] [main] o.s.b.w.embedded.tomcat.TomcatWebServer  : Tomcat initialized with port 8080 (http)
2025-12-06T10:54:18.564-03:00  INFO 14516 --- [sghss-api] [main] o.apache.catalina.core.StandardService   : Starting service [Tomcat]
2025-12-06T10:54:18.565-03:00  INFO 14516 --- [sghss-api] [main] o.apache.catalina.core.StandardEngine    : Starting Servlet engine: [Apache Tomcat/10.1.33]
2025-12-06T10:54:18.615-03:00  INFO 14516 --- [sghss-api] [main] o.a.c.c.C.[Tomcat].[localhost].[/]       : Initializing Spring embedded WebApplicationContext
2025-12-06T10:54:18.615-03:00  INFO 14516 --- [sghss-api] [main] w.s.c.ServletWebServerApplicationContext : Root WebApplicationContext: initialization completed in 1453 ms
2025-12-06T10:54:18.717-03:00  INFO 14516 --- [sghss-api] [main] o.hibernate.jpa.internal.util.LogHelper  : HHH000204: Processing PersistenceUnitInfo [name: default]
2025-12-06T10:54:18.753-03:00  INFO 14516 --- [sghss-api] [main] org.hibernate.Version                    : HHH000412: Hibernate ORM core version 6.6.2.Final
2025-12-06T10:54:18.784-03:00  INFO 14516 --- [sghss-api] [main] o.h.c.internal.RegionFactoryInitiator    : HHH000026: Second-level cache disabled
2025-12-06T10:54:18.975-03:00  INFO 14516 --- [sghss-api] [main] o.s.o.j.p.SpringPersistenceUnitInfo      : No LoadTimeWeaver setup: ignoring JPA class transformer
2025-12-06T10:54:18.998-03:00  INFO 14516 --- [sghss-api] [main] com.zaxxer.hikari.HikariDataSource       : HikariPool-1 - Starting...
2025-12-06T10:54:19.128-03:00  INFO 14516 --- [sghss-api] [main] com.zaxxer.hikari.pool.HikariPool        : HikariPool-1 - Added connection conn0: url=jdbc:h2:mem:sghssdb user=SA
2025-12-06T10:54:19.130-03:00  INFO 14516 --- [sghss-api] [main] com.zaxxer.hikari.HikariDataSource       : HikariPool-1 - Start completed.
2025-12-06T10:54:19.169-03:00  INFO 14516 --- [sghss-api] [main] org.hibernate.orm.connections.pooling    : HHH10001005: Database info:
	Database JDBC URL [Connecting through datasource 'HikariDataSource (HikariPool-1)']
	Database driver: undefined/unknown
	Database version: 2.3.232
	Autocommit mode: undefined/unknown
	Isolation level: undefined/unknown
	Minimum pool size: undefined/unknown
	Maximum pool size: undefined/unknown
2025-12-06T10:54:20.131-03:00  INFO 14516 --- [sghss-api] [main] o.h.e.t.j.p.i.JtaPlatformInitiator       : HHH000489: No JTA platform available (set 'hibernate.transaction.jta.platform' to enable JTA platform integration)
2025-12-06T10:54:20.223-03:00  INFO 14516 --- [sghss-api] [main] j.LocalContainerEntityManagerFactoryBean : Initialized JPA EntityManagerFactory for persistence unit 'default'
2025-12-06T10:54:20.441-03:00  INFO 14516 --- [sghss-api] [main] o.s.d.j.r.query.QueryEnhancerFactory     : Hibernate is in classpath; If applicable, HQL parser will be used.
2025-12-06T10:54:20.767-03:00  INFO 14516 --- [sghss-api] [main] o.s.b.a.h2.H2ConsoleAutoConfiguration    : H2 console available at '/h2-console'. Database available at 'jdbc:h2:mem:sghssdb'
2025-12-06T10:54:20.813-03:00 DEBUG 14516 --- [sghss-api] [main] c.a.s.a.a.AuditoriaLoggingFilter         : Filter 'auditFilterRegistration' configured for use
2025-12-06T10:54:21.021-03:00  INFO 14516 --- [sghss-api] [main] r$InitializeUserDetailsManagerConfigurer : Global AuthenticationManager configured with UserDetailsService bean with name usuarioDetailsService
2025-12-06T10:54:21.348-03:00  WARN 14516 --- [sghss-api] [main] JpaBaseConfiguration$JpaWebConfiguration : spring.jpa.open-in-view is enabled by default. Therefore, database queries may be performed during view rendering. Explicitly configure spring.jpa.open-in-view to disable this warning
2025-12-06T10:54:22.098-03:00  INFO 14516 --- [sghss-api] [main] o.s.b.w.embedded.tomcat.TomcatWebServer  : Tomcat started on port 8080 (http) with context path '/'
2025-12-06T10:54:22.105-03:00  INFO 14516 --- [sghss-api] [main] c.a.sghss.api.SghssApiApplication        : Started SghssApiApplication in 5.321 seconds (process running for 5.901)
2025-12-06T10:54:22.111-03:00  INFO 14516 --- [sghss-api] [main] .s.b.a.l.ConditionEvaluationReportLogger : 

Error starting ApplicationContext. To display the condition evaluation report re-run your application with 'debug' enabled.
2025-12-06T10:54:22.122-03:00 ERROR 14516 --- [sghss-api] [main] o.s.boot.SpringApplication               : Application run failed

org.springframework.jdbc.datasource.init.CannotReadScriptException: Cannot read SQL script from class path resource [db/data.sql]
	at org.springframework.jdbc.datasource.init.ScriptUtils.executeSqlScript(ScriptUtils.java:239) ~[spring-jdbc-6.2.0.jar:6.2.0]
	at org.springframework.jdbc.datasource.init.ScriptUtils.executeSqlScript(ScriptUtils.java:188) ~[spring-jdbc-6.2.0.jar:6.2.0]
	at org.springframework.jdbc.datasource.init.ScriptUtils.executeSqlScript(ScriptUtils.java:150) ~[spring-jdbc-6.2.0.jar:6.2.0]
	at org.springframework.jdbc.datasource.init.ScriptUtils.executeSqlScript(ScriptUtils.java:126) ~[spring-jdbc-6.2.0.jar:6.2.0]
	at com.alanpatrik.sghss.api.config.DataInitializer.lambda$runScripts$0(DataInitializer.java:24) ~[classes/:na]
	at org.springframework.boot.SpringApplication.lambda$callRunner$4(SpringApplication.java:784) ~[spring-boot-3.4.0.jar:3.4.0]
	at org.springframework.util.function.ThrowingConsumer$1.acceptWithException(ThrowingConsumer.java:82) ~[spring-core-6.2.0.jar:6.2.0]
	at org.springframework.util.function.ThrowingConsumer.accept(ThrowingConsumer.java:60) ~[spring-core-6.2.0.jar:6.2.0]
	at org.springframework.util.function.ThrowingConsumer$1.accept(ThrowingConsumer.java:86) ~[spring-core-6.2.0.jar:6.2.0]
	at org.springframework.boot.SpringApplication.callRunner(SpringApplication.java:796) ~[spring-boot-3.4.0.jar:3.4.0]
	at org.springframework.boot.SpringApplication.callRunner(SpringApplication.java:784) ~[spring-boot-3.4.0.jar:3.4.0]
	at org.springframework.boot.SpringApplication.lambda$callRunners$3(SpringApplication.java:772) ~[spring-boot-3.4.0.jar:3.4.0]
	at java.base/java.util.stream.ForEachOps$ForEachOp$OfRef.accept(ForEachOps.java:184) ~[na:na]
	at java.base/java.util.stream.SortedOps$SizedRefSortingSink.end(SortedOps.java:357) ~[na:na]
	at java.base/java.util.stream.AbstractPipeline.copyInto(AbstractPipeline.java:510) ~[na:na]
	at java.base/java.util.stream.AbstractPipeline.wrapAndCopyInto(AbstractPipeline.java:499) ~[na:na]
	at java.base/java.util.stream.ForEachOps$ForEachOp.evaluateSequential(ForEachOps.java:151) ~[na:na]
	at java.base/java.util.stream.ForEachOps$ForEachOp$OfRef.evaluateSequential(ForEachOps.java:174) ~[na:na]
	at java.base/java.util.stream.AbstractPipeline.evaluate(AbstractPipeline.java:234) ~[na:na]
	at java.base/java.util.stream.ReferencePipeline.forEach(ReferencePipeline.java:596) ~[na:na]
	at org.springframework.boot.SpringApplication.callRunners(SpringApplication.java:772) ~[spring-boot-3.4.0.jar:3.4.0]
	at org.springframework.boot.SpringApplication.run(SpringApplication.java:325) ~[spring-boot-3.4.0.jar:3.4.0]
	at org.springframework.boot.SpringApplication.run(SpringApplication.java:1361) ~[spring-boot-3.4.0.jar:3.4.0]
	at org.springframework.boot.SpringApplication.run(SpringApplication.java:1350) ~[spring-boot-3.4.0.jar:3.4.0]
	at com.alanpatrik.sghss.api.SghssApiApplication.main(SghssApiApplication.java:13) ~[classes/:na]
Caused by: java.io.FileNotFoundException: class path resource [db/data.sql] cannot be opened because it does not exist
	at org.springframework.core.io.ClassPathResource.getInputStream(ClassPathResource.java:215) ~[spring-core-6.2.0.jar:6.2.0]
	at org.springframework.core.io.support.EncodedResource.getReader(EncodedResource.java:147) ~[spring-core-6.2.0.jar:6.2.0]
	at org.springframework.jdbc.datasource.init.ScriptUtils.readScript(ScriptUtils.java:328) ~[spring-jdbc-6.2.0.jar:6.2.0]
	at org.springframework.jdbc.datasource.init.ScriptUtils.executeSqlScript(ScriptUtils.java:236) ~[spring-jdbc-6.2.0.jar:6.2.0]
	... 24 common frames omitted

2025-12-06T10:54:22.126-03:00  INFO 14516 --- [sghss-api] [main] o.s.b.w.e.tomcat.GracefulShutdown        : Commencing graceful shutdown. Waiting for active requests to complete
2025-12-06T10:54:22.132-03:00  INFO 14516 --- [sghss-api] [tomcat-shutdown] o.s.b.w.e.tomcat.GracefulShutdown        : Graceful shutdown complete
2025-12-06T10:54:22.137-03:00  INFO 14516 --- [sghss-api] [main] j.LocalContainerEntityManagerFactoryBean : Closing JPA EntityManagerFactory for persistence unit 'default'
2025-12-06T10:54:22.139-03:00  INFO 14516 --- [sghss-api] [main] com.zaxxer.hikari.HikariDataSource       : HikariPool-1 - Shutdown initiated...
2025-12-06T10:54:22.141-03:00  INFO 14516 --- [sghss-api] [main] com.zaxxer.hikari.HikariDataSource       : HikariPool-1 - Shutdown completed.
2025-12-06T10:55:43.907-03:00  INFO 1900 --- [sghss-api] [main] c.a.sghss.api.SghssApiApplication        : Starting SghssApiApplication using Java 21.0.4 with PID 1900 (C:\Users\alan.patrik\Documents\Pessoal\SGHSS\sghss-api\target\classes started by asantos in C:\Users\alan.patrik\Documents\Pessoal\SGHSS\sghss-api)
2025-12-06T10:55:43.909-03:00 DEBUG 1900 --- [sghss-api] [main] c.a.sghss.api.SghssApiApplication        : Running with Spring Boot v3.4.0, Spring v6.2.0
2025-12-06T10:55:43.909-03:00  INFO 1900 --- [sghss-api] [main] c.a.sghss.api.SghssApiApplication        : The following 1 profile is active: "dev"
2025-12-06T10:55:44.674-03:00  INFO 1900 --- [sghss-api] [main] .s.d.r.c.RepositoryConfigurationDelegate : Bootstrapping Spring Data JPA repositories in DEFAULT mode.
2025-12-06T10:55:44.769-03:00  INFO 1900 --- [sghss-api] [main] .s.d.r.c.RepositoryConfigurationDelegate : Finished Spring Data repository scanning in 87 ms. Found 15 JPA repository interfaces.
2025-12-06T10:55:45.318-03:00  INFO 1900 --- [sghss-api] [main] o.s.b.w.embedded.tomcat.TomcatWebServer  : Tomcat initialized with port 8080 (http)
2025-12-06T10:55:45.327-03:00  INFO 1900 --- [sghss-api] [main] o.apache.catalina.core.StandardService   : Starting service [Tomcat]
2025-12-06T10:55:45.328-03:00  INFO 1900 --- [sghss-api] [main] o.apache.catalina.core.StandardEngine    : Starting Servlet engine: [Apache Tomcat/10.1.33]
2025-12-06T10:55:45.375-03:00  INFO 1900 --- [sghss-api] [main] o.a.c.c.C.[Tomcat].[localhost].[/]       : Initializing Spring embedded WebApplicationContext
2025-12-06T10:55:45.375-03:00  INFO 1900 --- [sghss-api] [main] w.s.c.ServletWebServerApplicationContext : Root WebApplicationContext: initialization completed in 1427 ms
2025-12-06T10:55:45.472-03:00  INFO 1900 --- [sghss-api] [main] o.hibernate.jpa.internal.util.LogHelper  : HHH000204: Processing PersistenceUnitInfo [name: default]
2025-12-06T10:55:45.508-03:00  INFO 1900 --- [sghss-api] [main] org.hibernate.Version                    : HHH000412: Hibernate ORM core version 6.6.2.Final
2025-12-06T10:55:45.531-03:00  INFO 1900 --- [sghss-api] [main] o.h.c.internal.RegionFactoryInitiator    : HHH000026: Second-level cache disabled
2025-12-06T10:55:45.727-03:00  INFO 1900 --- [sghss-api] [main] o.s.o.j.p.SpringPersistenceUnitInfo      : No LoadTimeWeaver setup: ignoring JPA class transformer
2025-12-06T10:55:45.750-03:00  INFO 1900 --- [sghss-api] [main] com.zaxxer.hikari.HikariDataSource       : HikariPool-1 - Starting...
2025-12-06T10:55:45.870-03:00  INFO 1900 --- [sghss-api] [main] com.zaxxer.hikari.pool.HikariPool        : HikariPool-1 - Added connection conn0: url=jdbc:h2:mem:sghssdb user=SA
2025-12-06T10:55:45.872-03:00  INFO 1900 --- [sghss-api] [main] com.zaxxer.hikari.HikariDataSource       : HikariPool-1 - Start completed.
2025-12-06T10:55:45.914-03:00  INFO 1900 --- [sghss-api] [main] org.hibernate.orm.connections.pooling    : HHH10001005: Database info:
	Database JDBC URL [Connecting through datasource 'HikariDataSource (HikariPool-1)']
	Database driver: undefined/unknown
	Database version: 2.3.232
	Autocommit mode: undefined/unknown
	Isolation level: undefined/unknown
	Minimum pool size: undefined/unknown
	Maximum pool size: undefined/unknown
2025-12-06T10:55:46.862-03:00  INFO 1900 --- [sghss-api] [main] o.h.e.t.j.p.i.JtaPlatformInitiator       : HHH000489: No JTA platform available (set 'hibernate.transaction.jta.platform' to enable JTA platform integration)
2025-12-06T10:55:46.947-03:00  INFO 1900 --- [sghss-api] [main] j.LocalContainerEntityManagerFactoryBean : Initialized JPA EntityManagerFactory for persistence unit 'default'
2025-12-06T10:55:47.159-03:00  INFO 1900 --- [sghss-api] [main] o.s.d.j.r.query.QueryEnhancerFactory     : Hibernate is in classpath; If applicable, HQL parser will be used.
2025-12-06T10:55:47.476-03:00  INFO 1900 --- [sghss-api] [main] o.s.b.a.h2.H2ConsoleAutoConfiguration    : H2 console available at '/h2-console'. Database available at 'jdbc:h2:mem:sghssdb'
2025-12-06T10:55:47.517-03:00 DEBUG 1900 --- [sghss-api] [main] c.a.s.a.a.AuditoriaLoggingFilter         : Filter 'auditFilterRegistration' configured for use
2025-12-06T10:55:47.736-03:00  INFO 1900 --- [sghss-api] [main] r$InitializeUserDetailsManagerConfigurer : Global AuthenticationManager configured with UserDetailsService bean with name usuarioDetailsService
2025-12-06T10:55:48.060-03:00  WARN 1900 --- [sghss-api] [main] JpaBaseConfiguration$JpaWebConfiguration : spring.jpa.open-in-view is enabled by default. Therefore, database queries may be performed during view rendering. Explicitly configure spring.jpa.open-in-view to disable this warning
2025-12-06T10:55:48.773-03:00  INFO 1900 --- [sghss-api] [main] o.s.b.w.embedded.tomcat.TomcatWebServer  : Tomcat started on port 8080 (http) with context path '/'
2025-12-06T10:55:48.780-03:00  INFO 1900 --- [sghss-api] [main] c.a.sghss.api.SghssApiApplication        : Started SghssApiApplication in 5.198 seconds (process running for 6.049)
2025-12-06T10:55:48.785-03:00  INFO 1900 --- [sghss-api] [main] .s.b.a.l.ConditionEvaluationReportLogger : 

Error starting ApplicationContext. To display the condition evaluation report re-run your application with 'debug' enabled.
2025-12-06T10:55:48.794-03:00 ERROR 1900 --- [sghss-api] [main] o.s.boot.SpringApplication               : Application run failed

org.springframework.jdbc.datasource.init.CannotReadScriptException: Cannot read SQL script from class path resource [db/data.sql]
	at org.springframework.jdbc.datasource.init.ScriptUtils.executeSqlScript(ScriptUtils.java:239) ~[spring-jdbc-6.2.0.jar:6.2.0]
	at org.springframework.jdbc.datasource.init.ScriptUtils.executeSqlScript(ScriptUtils.java:188) ~[spring-jdbc-6.2.0.jar:6.2.0]
	at org.springframework.jdbc.datasource.init.ScriptUtils.executeSqlScript(ScriptUtils.java:150) ~[spring-jdbc-6.2.0.jar:6.2.0]
	at org.springframework.jdbc.datasource.init.ScriptUtils.executeSqlScript(ScriptUtils.java:126) ~[spring-jdbc-6.2.0.jar:6.2.0]
	at com.alanpatrik.sghss.api.config.DataInitializer.lambda$runScripts$0(DataInitializer.java:24) ~[classes/:na]
	at org.springframework.boot.SpringApplication.lambda$callRunner$4(SpringApplication.java:784) ~[spring-boot-3.4.0.jar:3.4.0]
	at org.springframework.util.function.ThrowingConsumer$1.acceptWithException(ThrowingConsumer.java:82) ~[spring-core-6.2.0.jar:6.2.0]
	at org.springframework.util.function.ThrowingConsumer.accept(ThrowingConsumer.java:60) ~[spring-core-6.2.0.jar:6.2.0]
	at org.springframework.util.function.ThrowingConsumer$1.accept(ThrowingConsumer.java:86) ~[spring-core-6.2.0.jar:6.2.0]
	at org.springframework.boot.SpringApplication.callRunner(SpringApplication.java:796) ~[spring-boot-3.4.0.jar:3.4.0]
	at org.springframework.boot.SpringApplication.callRunner(SpringApplication.java:784) ~[spring-boot-3.4.0.jar:3.4.0]
	at org.springframework.boot.SpringApplication.lambda$callRunners$3(SpringApplication.java:772) ~[spring-boot-3.4.0.jar:3.4.0]
	at java.base/java.util.stream.ForEachOps$ForEachOp$OfRef.accept(ForEachOps.java:184) ~[na:na]
	at java.base/java.util.stream.SortedOps$SizedRefSortingSink.end(SortedOps.java:357) ~[na:na]
	at java.base/java.util.stream.AbstractPipeline.copyInto(AbstractPipeline.java:510) ~[na:na]
	at java.base/java.util.stream.AbstractPipeline.wrapAndCopyInto(AbstractPipeline.java:499) ~[na:na]
	at java.base/java.util.stream.ForEachOps$ForEachOp.evaluateSequential(ForEachOps.java:151) ~[na:na]
	at java.base/java.util.stream.ForEachOps$ForEachOp$OfRef.evaluateSequential(ForEachOps.java:174) ~[na:na]
	at java.base/java.util.stream.AbstractPipeline.evaluate(AbstractPipeline.java:234) ~[na:na]
	at java.base/java.util.stream.ReferencePipeline.forEach(ReferencePipeline.java:596) ~[na:na]
	at org.springframework.boot.SpringApplication.callRunners(SpringApplication.java:772) ~[spring-boot-3.4.0.jar:3.4.0]
	at org.springframework.boot.SpringApplication.run(SpringApplication.java:325) ~[spring-boot-3.4.0.jar:3.4.0]
	at org.springframework.boot.SpringApplication.run(SpringApplication.java:1361) ~[spring-boot-3.4.0.jar:3.4.0]
	at org.springframework.boot.SpringApplication.run(SpringApplication.java:1350) ~[spring-boot-3.4.0.jar:3.4.0]
	at com.alanpatrik.sghss.api.SghssApiApplication.main(SghssApiApplication.java:13) ~[classes/:na]
Caused by: java.io.FileNotFoundException: class path resource [db/data.sql] cannot be opened because it does not exist
	at org.springframework.core.io.ClassPathResource.getInputStream(ClassPathResource.java:215) ~[spring-core-6.2.0.jar:6.2.0]
	at org.springframework.core.io.support.EncodedResource.getReader(EncodedResource.java:147) ~[spring-core-6.2.0.jar:6.2.0]
	at org.springframework.jdbc.datasource.init.ScriptUtils.readScript(ScriptUtils.java:328) ~[spring-jdbc-6.2.0.jar:6.2.0]
	at org.springframework.jdbc.datasource.init.ScriptUtils.executeSqlScript(ScriptUtils.java:236) ~[spring-jdbc-6.2.0.jar:6.2.0]
	... 24 common frames omitted

2025-12-06T10:55:48.799-03:00  INFO 1900 --- [sghss-api] [main] o.s.b.w.e.tomcat.GracefulShutdown        : Commencing graceful shutdown. Waiting for active requests to complete
2025-12-06T10:55:48.804-03:00  INFO 1900 --- [sghss-api] [tomcat-shutdown] o.s.b.w.e.tomcat.GracefulShutdown        : Graceful shutdown complete
2025-12-06T10:55:48.810-03:00  INFO 1900 --- [sghss-api] [main] j.LocalContainerEntityManagerFactoryBean : Closing JPA EntityManagerFactory for persistence unit 'default'
2025-12-06T10:55:48.811-03:00  INFO 1900 --- [sghss-api] [main] com.zaxxer.hikari.HikariDataSource       : HikariPool-1 - Shutdown initiated...
2025-12-06T10:55:48.814-03:00  INFO 1900 --- [sghss-api] [main] com.zaxxer.hikari.HikariDataSource       : HikariPool-1 - Shutdown completed.
